Archive member included to satisfy reference by file (symbol)

c:/ac6/systemworkbench/plugins/fr.ac6.mcu.externaltools.arm-none.win32_1.15.0.201708311556/tools/compiler/bin/../lib/gcc/arm-none-eabi/6.3.1/../../../../arm-none-eabi/lib/thumb/v7-m\libc.a(lib_a-errno.o)
                              src/syscalls.o (__errno)
c:/ac6/systemworkbench/plugins/fr.ac6.mcu.externaltools.arm-none.win32_1.15.0.201708311556/tools/compiler/bin/../lib/gcc/arm-none-eabi/6.3.1/../../../../arm-none-eabi/lib/thumb/v7-m\libc.a(lib_a-exit.o)
                              c:/ac6/systemworkbench/plugins/fr.ac6.mcu.externaltools.arm-none.win32_1.15.0.201708311556/tools/compiler/bin/../lib/gcc/arm-none-eabi/6.3.1/../../../../arm-none-eabi/lib/thumb/v7-m/crt0.o (exit)
c:/ac6/systemworkbench/plugins/fr.ac6.mcu.externaltools.arm-none.win32_1.15.0.201708311556/tools/compiler/bin/../lib/gcc/arm-none-eabi/6.3.1/../../../../arm-none-eabi/lib/thumb/v7-m\libc.a(lib_a-impure.o)
                              c:/ac6/systemworkbench/plugins/fr.ac6.mcu.externaltools.arm-none.win32_1.15.0.201708311556/tools/compiler/bin/../lib/gcc/arm-none-eabi/6.3.1/../../../../arm-none-eabi/lib/thumb/v7-m\libc.a(lib_a-exit.o) (_global_impure_ptr)
c:/ac6/systemworkbench/plugins/fr.ac6.mcu.externaltools.arm-none.win32_1.15.0.201708311556/tools/compiler/bin/../lib/gcc/arm-none-eabi/6.3.1/../../../../arm-none-eabi/lib/thumb/v7-m\libc.a(lib_a-init.o)
                              c:/ac6/systemworkbench/plugins/fr.ac6.mcu.externaltools.arm-none.win32_1.15.0.201708311556/tools/compiler/bin/../lib/gcc/arm-none-eabi/6.3.1/../../../../arm-none-eabi/lib/thumb/v7-m/crt0.o (__libc_init_array)
c:/ac6/systemworkbench/plugins/fr.ac6.mcu.externaltools.arm-none.win32_1.15.0.201708311556/tools/compiler/bin/../lib/gcc/arm-none-eabi/6.3.1/../../../../arm-none-eabi/lib/thumb/v7-m\libc.a(lib_a-memset.o)
                              c:/ac6/systemworkbench/plugins/fr.ac6.mcu.externaltools.arm-none.win32_1.15.0.201708311556/tools/compiler/bin/../lib/gcc/arm-none-eabi/6.3.1/../../../../arm-none-eabi/lib/thumb/v7-m/crt0.o (memset)
c:/ac6/systemworkbench/plugins/fr.ac6.mcu.externaltools.arm-none.win32_1.15.0.201708311556/tools/compiler/bin/../lib/gcc/arm-none-eabi/6.3.1/../../../../arm-none-eabi/lib/thumb/v7-m\libc.a(lib_a-strcmp.o)
                              src/main.o (strcmp)
c:/ac6/systemworkbench/plugins/fr.ac6.mcu.externaltools.arm-none.win32_1.15.0.201708311556/tools/compiler/bin/../lib/gcc/arm-none-eabi/6.3.1/../../../../arm-none-eabi/lib/thumb/v7-m\libc.a(lib_a-strlen-stub.o)
                              src/main.o (strlen)
c:/ac6/systemworkbench/plugins/fr.ac6.mcu.externaltools.arm-none.win32_1.15.0.201708311556/tools/compiler/bin/../lib/gcc/arm-none-eabi/6.3.1/../../../../arm-none-eabi/lib/thumb/v7-m\libc.a(lib_a-__call_atexit.o)
                              c:/ac6/systemworkbench/plugins/fr.ac6.mcu.externaltools.arm-none.win32_1.15.0.201708311556/tools/compiler/bin/../lib/gcc/arm-none-eabi/6.3.1/../../../../arm-none-eabi/lib/thumb/v7-m\libc.a(lib_a-exit.o) (__call_exitprocs)
c:/ac6/systemworkbench/plugins/fr.ac6.mcu.externaltools.arm-none.win32_1.15.0.201708311556/tools/compiler/bin/../lib/gcc/arm-none-eabi/6.3.1/../../../../arm-none-eabi/lib/thumb/v7-m\libc.a(lib_a-atexit.o)
                              c:/ac6/systemworkbench/plugins/fr.ac6.mcu.externaltools.arm-none.win32_1.15.0.201708311556/tools/compiler/bin/../lib/gcc/arm-none-eabi/6.3.1/../../../../arm-none-eabi/lib/thumb/v7-m\libc.a(lib_a-__call_atexit.o) (atexit)
c:/ac6/systemworkbench/plugins/fr.ac6.mcu.externaltools.arm-none.win32_1.15.0.201708311556/tools/compiler/bin/../lib/gcc/arm-none-eabi/6.3.1/../../../../arm-none-eabi/lib/thumb/v7-m\libc.a(lib_a-fini.o)
                              c:/ac6/systemworkbench/plugins/fr.ac6.mcu.externaltools.arm-none.win32_1.15.0.201708311556/tools/compiler/bin/../lib/gcc/arm-none-eabi/6.3.1/../../../../arm-none-eabi/lib/thumb/v7-m\libc.a(lib_a-__call_atexit.o) (__libc_fini_array)
c:/ac6/systemworkbench/plugins/fr.ac6.mcu.externaltools.arm-none.win32_1.15.0.201708311556/tools/compiler/bin/../lib/gcc/arm-none-eabi/6.3.1/../../../../arm-none-eabi/lib/thumb/v7-m\libc.a(lib_a-lock.o)
                              c:/ac6/systemworkbench/plugins/fr.ac6.mcu.externaltools.arm-none.win32_1.15.0.201708311556/tools/compiler/bin/../lib/gcc/arm-none-eabi/6.3.1/../../../../arm-none-eabi/lib/thumb/v7-m\libc.a(lib_a-__call_atexit.o) (__retarget_lock_acquire_recursive)
c:/ac6/systemworkbench/plugins/fr.ac6.mcu.externaltools.arm-none.win32_1.15.0.201708311556/tools/compiler/bin/../lib/gcc/arm-none-eabi/6.3.1/../../../../arm-none-eabi/lib/thumb/v7-m\libc.a(lib_a-__atexit.o)
                              c:/ac6/systemworkbench/plugins/fr.ac6.mcu.externaltools.arm-none.win32_1.15.0.201708311556/tools/compiler/bin/../lib/gcc/arm-none-eabi/6.3.1/../../../../arm-none-eabi/lib/thumb/v7-m\libc.a(lib_a-atexit.o) (__register_exitproc)

Allocating common symbols
Common symbol       size              file
[...]
Memory Configuration

Name             Origin             Length             Attributes
FLASH            0x08000000         0x00020000         xr
RAM              0x20000000         0x00005000         xrw
*default*        0x00000000         0xffffffff

Linker script and memory map

LOAD c:/ac6/systemworkbench/plugins/fr.ac6.mcu.externaltools.arm-none.win32_1.15.0.201708311556/tools/compiler/bin/../lib/gcc/arm-none-eabi/6.3.1/thumb/v7-m/crti.o
LOAD c:/ac6/systemworkbench/plugins/fr.ac6.mcu.externaltools.arm-none.win32_1.15.0.201708311556/tools/compiler/bin/../lib/gcc/arm-none-eabi/6.3.1/thumb/v7-m/crtbegin.o
LOAD c:/ac6/systemworkbench/plugins/fr.ac6.mcu.externaltools.arm-none.win32_1.15.0.201708311556/tools/compiler/bin/../lib/gcc/arm-none-eabi/6.3.1/../../../../arm-none-eabi/lib/thumb/v7-m/crt0.o
LOAD HAL_Driver/Src/stm32f1xx_hal.o
LOAD HAL_Driver/Src/stm32f1xx_hal_adc.o
LOAD HAL_Driver/Src/stm32f1xx_hal_adc_ex.o
LOAD HAL_Driver/Src/stm32f1xx_hal_can.o
LOAD HAL_Driver/Src/stm32f1xx_hal_cec.o
LOAD HAL_Driver/Src/stm32f1xx_hal_cortex.o
LOAD HAL_Driver/Src/stm32f1xx_hal_crc.o
LOAD HAL_Driver/Src/stm32f1xx_hal_dac.o
LOAD HAL_Driver/Src/stm32f1xx_hal_dac_ex.o
LOAD HAL_Driver/Src/stm32f1xx_hal_dma.o
LOAD HAL_Driver/Src/stm32f1xx_hal_eth.o
LOAD HAL_Driver/Src/stm32f1xx_hal_flash.o
LOAD HAL_Driver/Src/stm32f1xx_hal_flash_ex.o
LOAD HAL_Driver/Src/stm32f1xx_hal_gpio.o
LOAD HAL_Driver/Src/stm32f1xx_hal_gpio_ex.o
LOAD HAL_Driver/Src/stm32f1xx_hal_hcd.o
LOAD HAL_Driver/Src/stm32f1xx_hal_i2c.o
LOAD HAL_Driver/Src/stm32f1xx_hal_i2s.o
LOAD HAL_Driver/Src/stm32f1xx_hal_irda.o
LOAD HAL_Driver/Src/stm32f1xx_hal_iwdg.o
LOAD HAL_Driver/Src/stm32f1xx_hal_mmc.o
LOAD HAL_Driver/Src/stm32f1xx_hal_msp_template.o
LOAD HAL_Driver/Src/stm32f1xx_hal_nand.o
LOAD HAL_Driver/Src/stm32f1xx_hal_nor.o
LOAD HAL_Driver/Src/stm32f1xx_hal_pccard.o
LOAD HAL_Driver/Src/stm32f1xx_hal_pcd.o
LOAD HAL_Driver/Src/stm32f1xx_hal_pcd_ex.o
LOAD HAL_Driver/Src/stm32f1xx_hal_pwr.o
LOAD HAL_Driver/Src/stm32f1xx_hal_rcc.o
LOAD HAL_Driver/Src/stm32f1xx_hal_rcc_ex.o
LOAD HAL_Driver/Src/stm32f1xx_hal_rtc.o
LOAD HAL_Driver/Src/stm32f1xx_hal_rtc_ex.o
LOAD HAL_Driver/Src/stm32f1xx_hal_sd.o
LOAD HAL_Driver/Src/stm32f1xx_hal_smartcard.o
LOAD HAL_Driver/Src/stm32f1xx_hal_spi.o
LOAD HAL_Driver/Src/stm32f1xx_hal_spi_ex.o
LOAD HAL_Driver/Src/stm32f1xx_hal_sram.o
LOAD HAL_Driver/Src/stm32f1xx_hal_tim.o
LOAD HAL_Driver/Src/stm32f1xx_hal_tim_ex.o
LOAD HAL_Driver/Src/stm32f1xx_hal_uart.o
LOAD HAL_Driver/Src/stm32f1xx_hal_usart.o
LOAD HAL_Driver/Src/stm32f1xx_hal_wwdg.o
LOAD HAL_Driver/Src/stm32f1xx_ll_adc.o
LOAD HAL_Driver/Src/stm32f1xx_ll_crc.o
LOAD HAL_Driver/Src/stm32f1xx_ll_dac.o
LOAD HAL_Driver/Src/stm32f1xx_ll_dma.o
LOAD HAL_Driver/Src/stm32f1xx_ll_exti.o
LOAD HAL_Driver/Src/stm32f1xx_ll_fsmc.o
LOAD HAL_Driver/Src/stm32f1xx_ll_gpio.o
LOAD HAL_Driver/Src/stm32f1xx_ll_i2c.o
LOAD HAL_Driver/Src/stm32f1xx_ll_pwr.o
LOAD HAL_Driver/Src/stm32f1xx_ll_rcc.o
LOAD HAL_Driver/Src/stm32f1xx_ll_rtc.o
LOAD HAL_Driver/Src/stm32f1xx_ll_sdmmc.o
LOAD HAL_Driver/Src/stm32f1xx_ll_spi.o
LOAD HAL_Driver/Src/stm32f1xx_ll_tim.o
LOAD HAL_Driver/Src/stm32f1xx_ll_usart.o
LOAD HAL_Driver/Src/stm32f1xx_ll_usb.o
LOAD HAL_Driver/Src/stm32f1xx_ll_utils.o
LOAD Utilities/STM32F1xx_Nucleo/stm32f1xx_nucleo.o
LOAD src/main.o
LOAD src/stm32f1xx_hal_msp.o
LOAD src/stm32f1xx_it.o
LOAD src/syscalls.o
LOAD src/system_stm32f1xx.o
LOAD startup/startup_stm32f103xb.o
LOAD c:/ac6/systemworkbench/plugins/fr.ac6.mcu.externaltools.arm-none.win32_1.15.0.201708311556/tools/compiler/bin/../lib/gcc/arm-none-eabi/6.3.1/../../../../arm-none-eabi/lib/thumb/v7-m\libm.a
START GROUP
LOAD c:/ac6/systemworkbench/plugins/fr.ac6.mcu.externaltools.arm-none.win32_1.15.0.201708311556/tools/compiler/bin/../lib/gcc/arm-none-eabi/6.3.1/thumb/v7-m\libgcc.a
LOAD c:/ac6/systemworkbench/plugins/fr.ac6.mcu.externaltools.arm-none.win32_1.15.0.201708311556/tools/compiler/bin/../lib/gcc/arm-none-eabi/6.3.1/../../../../arm-none-eabi/lib/thumb/v7-m\libc.a
END GROUP
LOAD c:/ac6/systemworkbench/plugins/fr.ac6.mcu.externaltools.arm-none.win32_1.15.0.201708311556/tools/compiler/bin/../lib/gcc/arm-none-eabi/6.3.1/thumb/v7-m/crtend.o
LOAD c:/ac6/systemworkbench/plugins/fr.ac6.mcu.externaltools.arm-none.win32_1.15.0.201708311556/tools/compiler/bin/../lib/gcc/arm-none-eabi/6.3.1/thumb/v7-m/crtn.o
                0x20005000                _estack = 0x20005000
                0x00000200                _Min_Heap_Size = 0x200
                0x00000400                _Min_Stack_Size = 0x400

.isr_vector     0x08000000      0x10c
                0x08000000                . = ALIGN (0x4)
 *(.isr_vector)
 .isr_vector    0x08000000      0x10c startup/startup_stm32f103xb.o
                0x08000000                g_pfnVectors
                0x0800010c                . = ALIGN (0x4)

.text           0x0800010c     0x202c
                0x0800010c                . = ALIGN (0x4)
 *(.text)
 .text          0x0800010c       0x6c c:/ac6/systemworkbench/plugins/fr.ac6.mcu.externaltools.arm-none.win32_1.15.0.201708311556/tools/compiler/bin/../lib/gcc/arm-none-eabi/6.3.1/thumb/v7-m/crtbegin.o
 .text          0x08000178      0x1bc c:/ac6/systemworkbench/plugins/fr.ac6.mcu.externaltools.arm-none.win32_1.15.0.201708311556/tools/compiler/bin/../lib/gcc/arm-none-eabi/6.3.1/../../../../arm-none-eabi/lib/thumb/v7-m\libc.a(lib_a-strcmp.o)
                0x08000178                strcmp
 *(.text*)
 .text.HAL_InitTick
                0x08000334       0x2c HAL_Driver/Src/stm32f1xx_hal.o
                0x08000334                HAL_InitTick
 .text.HAL_Init
                0x08000360       0x24 HAL_Driver/Src/stm32f1xx_hal.o
                0x08000360                HAL_Init
 .text.HAL_IncTick
                0x08000384       0x10 HAL_Driver/Src/stm32f1xx_hal.o
                0x08000384                HAL_IncTick
 .text.HAL_GetTick
                0x08000394        0xc HAL_Driver/Src/stm32f1xx_hal.o
                0x08000394                HAL_GetTick
 .text.HAL_Delay
                0x080003a0       0x24 HAL_Driver/Src/stm32f1xx_hal.o
                0x080003a0                HAL_Delay
 .text.HAL_NVIC_SetPriorityGrouping
                0x080003c4       0x24 HAL_Driver/Src/stm32f1xx_hal_cortex.o
                0x080003c4                HAL_NVIC_SetPriorityGrouping
 .text.HAL_NVIC_SetPriority
                0x080003e8       0x6c HAL_Driver/Src/stm32f1xx_hal_cortex.o
                0x080003e8                HAL_NVIC_SetPriority
 .text.HAL_NVIC_EnableIRQ
                0x08000454       0x18 HAL_Driver/Src/stm32f1xx_hal_cortex.o
                0x08000454                HAL_NVIC_EnableIRQ
 .text.HAL_SYSTICK_Config
                0x0800046c       0x30 HAL_Driver/Src/stm32f1xx_hal_cortex.o
                0x0800046c                HAL_SYSTICK_Config
 .text.HAL_DMA_Abort_IT
                0x0800049c       0x98 HAL_Driver/Src/stm32f1xx_hal_dma.o
                0x0800049c                HAL_DMA_Abort_IT
 .text.HAL_GPIO_Init
                0x08000534      0x200 HAL_Driver/Src/stm32f1xx_hal_gpio.o
                0x08000534                HAL_GPIO_Init
 .text.HAL_GPIO_WritePin
                0x08000734        0x8 HAL_Driver/Src/stm32f1xx_hal_gpio.o
                0x08000734                HAL_GPIO_WritePin
 .text.HAL_GPIO_TogglePin
                0x0800073c        0x8 HAL_Driver/Src/stm32f1xx_hal_gpio.o
                0x0800073c                HAL_GPIO_TogglePin
 .text.HAL_I2C_Init
                0x08000744       0xec HAL_Driver/Src/stm32f1xx_hal_i2c.o
                0x08000744                HAL_I2C_Init
 .text.HAL_I2C_Slave_Sequential_Transmit_IT
                0x08000830       0x7c HAL_Driver/Src/stm32f1xx_hal_i2c.o
                0x08000830                HAL_I2C_Slave_Sequential_Transmit_IT
 .text.HAL_I2C_Slave_Sequential_Receive_IT
                0x080008ac       0x7c HAL_Driver/Src/stm32f1xx_hal_i2c.o
                0x080008ac                HAL_I2C_Slave_Sequential_Receive_IT
 .text.HAL_I2C_EnableListen_IT
                0x08000928       0x38 HAL_Driver/Src/stm32f1xx_hal_i2c.o
                0x08000928                HAL_I2C_EnableListen_IT
 .text.HAL_I2C_MasterTxCpltCallback
                0x08000960        0x4 HAL_Driver/Src/stm32f1xx_hal_i2c.o
                0x08000960                HAL_I2C_MasterTxCpltCallback
 .text.HAL_I2C_MasterRxCpltCallback
                0x08000964        0x4 HAL_Driver/Src/stm32f1xx_hal_i2c.o
                0x08000964                HAL_I2C_MasterRxCpltCallback
 .text.HAL_I2C_MemTxCpltCallback
                0x08000968        0x4 HAL_Driver/Src/stm32f1xx_hal_i2c.o
                0x08000968                HAL_I2C_MemTxCpltCallback
 .text.HAL_I2C_MemRxCpltCallback
                0x0800096c        0x4 HAL_Driver/Src/stm32f1xx_hal_i2c.o
                0x0800096c                HAL_I2C_MemRxCpltCallback
 .text.HAL_I2C_AbortCpltCallback
                0x08000970        0x4 HAL_Driver/Src/stm32f1xx_hal_i2c.o
                0x08000970                HAL_I2C_AbortCpltCallback
 .text.HAL_I2C_EV_IRQHandler
                0x08000974      0x8f4 HAL_Driver/Src/stm32f1xx_hal_i2c.o
                0x08000974                HAL_I2C_EV_IRQHandler
 .text.I2C_DMAAbort
                0x08001268       0x4c HAL_Driver/Src/stm32f1xx_hal_i2c.o
 .text.HAL_I2C_ER_IRQHandler
                0x080012b4      0x28c HAL_Driver/Src/stm32f1xx_hal_i2c.o
                0x080012b4                HAL_I2C_ER_IRQHandler
 .text.HAL_I2C_GetState
                0x08001540        0x8 HAL_Driver/Src/stm32f1xx_hal_i2c.o
                0x08001540                HAL_I2C_GetState
 .text.HAL_I2C_GetError
                0x08001548        0x4 HAL_Driver/Src/stm32f1xx_hal_i2c.o
                0x08001548                HAL_I2C_GetError
 .text.HAL_MspInit
                0x0800154c        0x4 HAL_Driver/Src/stm32f1xx_hal_msp_template.o
                0x0800154c                HAL_MspInit
 .text.HAL_RCC_OscConfig
                0x08001550      0x3d8 HAL_Driver/Src/stm32f1xx_hal_rcc.o
                0x08001550                HAL_RCC_OscConfig
 .text.HAL_RCC_ClockConfig
                0x08001928      0x1b4 HAL_Driver/Src/stm32f1xx_hal_rcc.o
                0x08001928                HAL_RCC_ClockConfig
 .text.HAL_RCC_GetPCLK1Freq
                0x08001adc       0x20 HAL_Driver/Src/stm32f1xx_hal_rcc.o
                0x08001adc                HAL_RCC_GetPCLK1Freq
 .text.BSP_LED_Init
                0x08001afc       0x50 Utilities/STM32F1xx_Nucleo/stm32f1xx_nucleo.o
                0x08001afc                BSP_LED_Init
 .text.BSP_LED_On
                0x08001b4c       0x14 Utilities/STM32F1xx_Nucleo/stm32f1xx_nucleo.o
                0x08001b4c                BSP_LED_On
 .text.BSP_LED_Off
                0x08001b60       0x14 Utilities/STM32F1xx_Nucleo/stm32f1xx_nucleo.o
                0x08001b60                BSP_LED_Off
 .text.BSP_LED_Toggle
                0x08001b74       0x10 Utilities/STM32F1xx_Nucleo/stm32f1xx_nucleo.o
                0x08001b74                BSP_LED_Toggle
 .text.Error_Handler
                0x08001b84       0x10 src/main.o
 .text.startup.main
                0x08001b94       0xa4 src/main.o
                0x08001b94                main
 .text.HAL_I2C_SlaveTxCpltCallback
                0x08001c38        0x8 src/main.o
                0x08001c38                HAL_I2C_SlaveTxCpltCallback
 .text.HAL_I2C_SlaveRxCpltCallback
                0x08001c40       0x54 src/main.o
                0x08001c40                HAL_I2C_SlaveRxCpltCallback
 .text.HAL_I2C_AddrCallback
                0x08001c94       0x68 src/main.o
                0x08001c94                HAL_I2C_AddrCallback
 .text.HAL_I2C_ListenCpltCallback
                0x08001cfc       0x44 src/main.o
                0x08001cfc                HAL_I2C_ListenCpltCallback
 .text.HAL_I2C_ErrorCallback
                0x08001d40       0x10 src/main.o
                0x08001d40                HAL_I2C_ErrorCallback
 .text.HAL_I2C_MspInit
                0x08001d50       0x90 src/stm32f1xx_hal_msp.o
                0x08001d50                HAL_I2C_MspInit
 .text.NMI_Handler
                0x08001de0        0x4 src/stm32f1xx_it.o
                0x08001de0                NMI_Handler
 .text.HardFault_Handler
                0x08001de4        0x4 src/stm32f1xx_it.o
                0x08001de4                HardFault_Handler
 .text.MemManage_Handler
                0x08001de8        0x4 src/stm32f1xx_it.o
                0x08001de8                MemManage_Handler
 .text.BusFault_Handler
                0x08001dec        0x4 src/stm32f1xx_it.o
                0x08001dec                BusFault_Handler
 .text.UsageFault_Handler
                0x08001df0        0x4 src/stm32f1xx_it.o
                0x08001df0                UsageFault_Handler
 .text.SVC_Handler
                0x08001df4        0x4 src/stm32f1xx_it.o
                0x08001df4                SVC_Handler
 .text.DebugMon_Handler
                0x08001df8        0x4 src/stm32f1xx_it.o
                0x08001df8                DebugMon_Handler
 .text.PendSV_Handler
                0x08001dfc        0x4 src/stm32f1xx_it.o
                0x08001dfc                PendSV_Handler
 .text.SysTick_Handler
                0x08001e00        0x4 src/stm32f1xx_it.o
                0x08001e00                SysTick_Handler
 .text.I2C1_EV_IRQHandler
                0x08001e04        0xc src/stm32f1xx_it.o
                0x08001e04                I2C1_EV_IRQHandler
 .text.I2C1_ER_IRQHandler
                0x08001e10        0xc src/stm32f1xx_it.o
                0x08001e10                I2C1_ER_IRQHandler
 .text.SystemInit
                0x08001e1c       0x50 src/system_stm32f1xx.o
                0x08001e1c                SystemInit
 .text.Reset_Handler
                0x08001e6c       0x48 startup/startup_stm32f103xb.o
                0x08001e6c                Reset_Handler
 .text.Default_Handler
                0x08001eb4        0x2 startup/startup_stm32f103xb.o
                0x08001eb4                RTC_Alarm_IRQHandler
                0x08001eb4                EXTI2_IRQHandler
                0x08001eb4                TIM1_CC_IRQHandler
                0x08001eb4                PVD_IRQHandler
                0x08001eb4                EXTI3_IRQHandler
                0x08001eb4                EXTI0_IRQHandler
                0x08001eb4                I2C2_EV_IRQHandler
                0x08001eb4                ADC1_2_IRQHandler
                0x08001eb4                SPI1_IRQHandler
                0x08001eb4                TAMPER_IRQHandler
                0x08001eb4                DMA1_Channel4_IRQHandler
                0x08001eb4                USART3_IRQHandler
                0x08001eb4                RTC_IRQHandler
                0x08001eb4                DMA1_Channel7_IRQHandler
                0x08001eb4                CAN1_RX1_IRQHandler
                0x08001eb4                TIM4_IRQHandler
                0x08001eb4                DMA1_Channel6_IRQHandler
                0x08001eb4                TIM3_IRQHandler
                0x08001eb4                RCC_IRQHandler
                0x08001eb4                TIM1_TRG_COM_IRQHandler
                0x08001eb4                DMA1_Channel1_IRQHandler
                0x08001eb4                Default_Handler
                0x08001eb4                EXTI15_10_IRQHandler
                0x08001eb4                EXTI9_5_IRQHandler
                0x08001eb4                SPI2_IRQHandler
                0x08001eb4                DMA1_Channel5_IRQHandler
                0x08001eb4                EXTI4_IRQHandler
                0x08001eb4                USB_LP_CAN1_RX0_IRQHandler
                0x08001eb4                USB_HP_CAN1_TX_IRQHandler
                0x08001eb4                DMA1_Channel3_IRQHandler
                0x08001eb4                TIM1_UP_IRQHandler
                0x08001eb4                WWDG_IRQHandler
                0x08001eb4                TIM2_IRQHandler
                0x08001eb4                TIM1_BRK_IRQHandler
                0x08001eb4                EXTI1_IRQHandler
                0x08001eb4                USART2_IRQHandler
                0x08001eb4                I2C2_ER_IRQHandler
                0x08001eb4                DMA1_Channel2_IRQHandler
                0x08001eb4                CAN1_SCE_IRQHandler
                0x08001eb4                FLASH_IRQHandler
                0x08001eb4                USART1_IRQHandler
                0x08001eb4                USBWakeUp_IRQHandler
 *fill*         0x08001eb6        0x2 
 .text.__libc_init_array
                0x08001eb8       0x50 c:/ac6/systemworkbench/plugins/fr.ac6.mcu.externaltools.arm-none.win32_1.15.0.201708311556/tools/compiler/bin/../lib/gcc/arm-none-eabi/6.3.1/../../../../arm-none-eabi/lib/thumb/v7-m\libc.a(lib_a-init.o)
                0x08001eb8                __libc_init_array
 .text.memset   0x08001f08       0x9c c:/ac6/systemworkbench/plugins/fr.ac6.mcu.externaltools.arm-none.win32_1.15.0.201708311556/tools/compiler/bin/../lib/gcc/arm-none-eabi/6.3.1/../../../../arm-none-eabi/lib/thumb/v7-m\libc.a(lib_a-memset.o)
                0x08001f08                memset
 .text.strlen   0x08001fa4       0x5c c:/ac6/systemworkbench/plugins/fr.ac6.mcu.externaltools.arm-none.win32_1.15.0.201708311556/tools/compiler/bin/../lib/gcc/arm-none-eabi/6.3.1/../../../../arm-none-eabi/lib/thumb/v7-m\libc.a(lib_a-strlen-stub.o)
                0x08001fa4                strlen
 .text.startup.register_fini
                0x08002000       0x14 c:/ac6/systemworkbench/plugins/fr.ac6.mcu.externaltools.arm-none.win32_1.15.0.201708311556/tools/compiler/bin/../lib/gcc/arm-none-eabi/6.3.1/../../../../arm-none-eabi/lib/thumb/v7-m\libc.a(lib_a-__call_atexit.o)
 .text.atexit   0x08002014        0xc c:/ac6/systemworkbench/plugins/fr.ac6.mcu.externaltools.arm-none.win32_1.15.0.201708311556/tools/compiler/bin/../lib/gcc/arm-none-eabi/6.3.1/../../../../arm-none-eabi/lib/thumb/v7-m\libc.a(lib_a-atexit.o)
                0x08002014                atexit
 .text.__libc_fini_array
                0x08002020       0x34 c:/ac6/systemworkbench/plugins/fr.ac6.mcu.externaltools.arm-none.win32_1.15.0.201708311556/tools/compiler/bin/../lib/gcc/arm-none-eabi/6.3.1/../../../../arm-none-eabi/lib/thumb/v7-m\libc.a(lib_a-fini.o)
                0x08002020                __libc_fini_array
 .text.__retarget_lock_acquire_recursive
                0x08002054        0x4 c:/ac6/systemworkbench/plugins/fr.ac6.mcu.externaltools.arm-none.win32_1.15.0.201708311556/tools/compiler/bin/../lib/gcc/arm-none-eabi/6.3.1/../../../../arm-none-eabi/lib/thumb/v7-m\libc.a(lib_a-lock.o)
                0x08002054                __retarget_lock_acquire_recursive
 .text.__retarget_lock_release_recursive
                0x08002058        0x4 c:/ac6/systemworkbench/plugins/fr.ac6.mcu.externaltools.arm-none.win32_1.15.0.201708311556/tools/compiler/bin/../lib/gcc/arm-none-eabi/6.3.1/../../../../arm-none-eabi/lib/thumb/v7-m\libc.a(lib_a-lock.o)
                0x08002058                __retarget_lock_release_recursive
 .text.__register_exitproc
                0x0800205c       0xc4 c:/ac6/systemworkbench/plugins/fr.ac6.mcu.externaltools.arm-none.win32_1.15.0.201708311556/tools/compiler/bin/../lib/gcc/arm-none-eabi/6.3.1/../../../../arm-none-eabi/lib/thumb/v7-m\libc.a(lib_a-__atexit.o)
                0x0800205c                __register_exitproc
 *(.glue_7)
 .glue_7        0x08002120        0x0 linker stubs
 *(.glue_7t)
 .glue_7t       0x08002120        0x0 linker stubs
 *(.eh_frame)
 .eh_frame      0x08002120        0x0 c:/ac6/systemworkbench/plugins/fr.ac6.mcu.externaltools.arm-none.win32_1.15.0.201708311556/tools/compiler/bin/../lib/gcc/arm-none-eabi/6.3.1/thumb/v7-m/crtbegin.o
 *(.init)
 .init          0x08002120        0x4 c:/ac6/systemworkbench/plugins/fr.ac6.mcu.externaltools.arm-none.win32_1.15.0.201708311556/tools/compiler/bin/../lib/gcc/arm-none-eabi/6.3.1/thumb/v7-m/crti.o
                0x08002120                _init
 .init          0x08002124        0x8 c:/ac6/systemworkbench/plugins/fr.ac6.mcu.externaltools.arm-none.win32_1.15.0.201708311556/tools/compiler/bin/../lib/gcc/arm-none-eabi/6.3.1/thumb/v7-m/crtn.o
 *(.fini)
 .fini          0x0800212c        0x4 c:/ac6/systemworkbench/plugins/fr.ac6.mcu.externaltools.arm-none.win32_1.15.0.201708311556/tools/compiler/bin/../lib/gcc/arm-none-eabi/6.3.1/thumb/v7-m/crti.o
                0x0800212c                _fini
 .fini          0x08002130        0x8 c:/ac6/systemworkbench/plugins/fr.ac6.mcu.externaltools.arm-none.win32_1.15.0.201708311556/tools/compiler/bin/../lib/gcc/arm-none-eabi/6.3.1/thumb/v7-m/crtn.o
                0x08002138                . = ALIGN (0x4)
                0x08002138                _etext = .

.vfp11_veneer   0x08002138        0x0
 .vfp11_veneer  0x08002138        0x0 linker stubs

.v4_bx          0x08002138        0x0
 .v4_bx         0x08002138        0x0 linker stubs

.iplt           0x08002138        0x0
 .iplt          0x08002138        0x0 c:/ac6/systemworkbench/plugins/fr.ac6.mcu.externaltools.arm-none.win32_1.15.0.201708311556/tools/compiler/bin/../lib/gcc/arm-none-eabi/6.3.1/thumb/v7-m/crtbegin.o

.rodata         0x08002138       0x78
                0x08002138                . = ALIGN (0x4)
 *(.rodata)
 .rodata        0x08002138       0x10 HAL_Driver/Src/stm32f1xx_hal_rcc.o
 .rodata        0x08002148       0x18 src/system_stm32f1xx.o
                0x08002148                AHBPrescTable
                0x08002158                APBPrescTable
 *(.rodata*)
 .rodata.str1.4
                0x08002160       0x4c src/main.o
 .rodata._global_impure_ptr
                0x080021ac        0x4 c:/ac6/systemworkbench/plugins/fr.ac6.mcu.externaltools.arm-none.win32_1.15.0.201708311556/tools/compiler/bin/../lib/gcc/arm-none-eabi/6.3.1/../../../../arm-none-eabi/lib/thumb/v7-m\libc.a(lib_a-impure.o)
                0x080021ac                _global_impure_ptr
                0x080021b0                . = ALIGN (0x4)

.rel.dyn        0x080021b0        0x0
 .rel.iplt      0x080021b0        0x0 c:/ac6/systemworkbench/plugins/fr.ac6.mcu.externaltools.arm-none.win32_1.15.0.201708311556/tools/compiler/bin/../lib/gcc/arm-none-eabi/6.3.1/thumb/v7-m/crtbegin.o

.ARM.extab
 *(.ARM.extab* .gnu.linkonce.armextab.*)

.ARM            0x080021b0        0x0
                0x080021b0                __exidx_start = .
 *(.ARM.exidx*)
                0x080021b0                __exidx_end = .

.preinit_array  0x080021b0        0x0
                0x080021b0                PROVIDE (__preinit_array_start, .)
 *(.preinit_array*)
                0x080021b0                PROVIDE (__preinit_array_end, .)

.init_array     0x080021b0        0x8
                0x080021b0                PROVIDE (__init_array_start, .)
 *(SORT(.init_array.*))
 .init_array.00000
                0x080021b0        0x4 c:/ac6/systemworkbench/plugins/fr.ac6.mcu.externaltools.arm-none.win32_1.15.0.201708311556/tools/compiler/bin/../lib/gcc/arm-none-eabi/6.3.1/../../../../arm-none-eabi/lib/thumb/v7-m\libc.a(lib_a-__call_atexit.o)
 *(.init_array*)
 .init_array    0x080021b4        0x4 c:/ac6/systemworkbench/plugins/fr.ac6.mcu.externaltools.arm-none.win32_1.15.0.201708311556/tools/compiler/bin/../lib/gcc/arm-none-eabi/6.3.1/thumb/v7-m/crtbegin.o
                0x080021b8                PROVIDE (__init_array_end, .)

.fini_array     0x080021b8        0x4
                0x080021b8                PROVIDE (__fini_array_start, .)
 *(SORT(.fini_array.*))
 *(.fini_array*)
 .fini_array    0x080021b8        0x4 c:/ac6/systemworkbench/plugins/fr.ac6.mcu.externaltools.arm-none.win32_1.15.0.201708311556/tools/compiler/bin/../lib/gcc/arm-none-eabi/6.3.1/thumb/v7-m/crtbegin.o
                0x080021bc                PROVIDE (__fini_array_end, .)
                0x080021bc                _sidata = LOADADDR (.data)

.data           0x20000000      0x48c load address 0x080021bc
                0x20000000                . = ALIGN (0x4)
                0x20000000                _sdata = .
 *(.data)
 .data          0x20000000        0xc Utilities/STM32F1xx_Nucleo/stm32f1xx_nucleo.o
                0x20000000                LED_PORT
                0x20000004                BUTTON_PORT
                0x20000008                SpixTimeout
 .data          0x2000000c       0x4c src/main.o
                0x2000000c                aCommandCode
                0x2000004c                ubSlaveInfoIndex
                0x20000050                aSlaveInfo
 .data          0x20000058        0x4 src/system_stm32f1xx.o
                0x20000058                SystemCoreClock
 *(.data*)
 *fill*         0x2000005c        0x4 
 .data.impure_data
                0x20000060      0x428 c:/ac6/systemworkbench/plugins/fr.ac6.mcu.externaltools.arm-none.win32_1.15.0.201708311556/tools/compiler/bin/../lib/gcc/arm-none-eabi/6.3.1/../../../../arm-none-eabi/lib/thumb/v7-m\libc.a(lib_a-impure.o)
 .data.__atexit_recursive_mutex
                0x20000488        0x4 c:/ac6/systemworkbench/plugins/fr.ac6.mcu.externaltools.arm-none.win32_1.15.0.201708311556/tools/compiler/bin/../lib/gcc/arm-none-eabi/6.3.1/../../../../arm-none-eabi/lib/thumb/v7-m\libc.a(lib_a-__call_atexit.o)
                0x20000488                __atexit_recursive_mutex
                0x2000048c                . = ALIGN (0x4)
                0x2000048c                _edata = .

.jcr            0x2000048c        0x0 load address 0x08002648
 .jcr           0x2000048c        0x0 c:/ac6/systemworkbench/plugins/fr.ac6.mcu.externaltools.arm-none.win32_1.15.0.201708311556/tools/compiler/bin/../lib/gcc/arm-none-eabi/6.3.1/thumb/v7-m/crtbegin.o

.igot.plt       0x2000048c        0x0 load address 0x08002648
 .igot.plt      0x2000048c        0x0 c:/ac6/systemworkbench/plugins/fr.ac6.mcu.externaltools.arm-none.win32_1.15.0.201708311556/tools/compiler/bin/../lib/gcc/arm-none-eabi/6.3.1/thumb/v7-m/crtbegin.o
                0x2000048c                . = ALIGN (0x4)

.bss            0x2000048c       0xbc load address 0x08002648
                0x2000048c                _sbss = .
                0x2000048c                __bss_start__ = _sbss
 *(.bss)
 .bss           0x2000048c       0x1c c:/ac6/systemworkbench/plugins/fr.ac6.mcu.externaltools.arm-none.win32_1.15.0.201708311556/tools/compiler/bin/../lib/gcc/arm-none-eabi/6.3.1/thumb/v7-m/crtbegin.o
 .bss           0x200004a8       0x24 src/main.o
                0x200004a8                aSlaveReceiveBuffer
                0x200004b7                ubSlaveReceiveIndex
                0x200004b8                uwTransferInitiated
                0x200004bc                uwTransferDirection
                0x200004c0                pSlaveTransmitBuffer
                0x200004c4                ubSlaveNbDataToTransmit
                0x200004c8                uwTransferEnded
 *(.bss*)
 *(COMMON)
 COMMON         0x200004cc        0x4 HAL_Driver/Src/stm32f1xx_hal.o
                0x200004cc                uwTick
 COMMON         0x200004d0       0x54 src/main.o
                0x200004d0                I2cHandle
 COMMON         0x20000524       0x21 c:/ac6/systemworkbench/plugins/fr.ac6.mcu.externaltools.arm-none.win32_1.15.0.201708311556/tools/compiler/bin/../lib/gcc/arm-none-eabi/6.3.1/../../../../arm-none-eabi/lib/thumb/v7-m\libc.a(lib_a-lock.o)
                0x20000524                __lock___atexit_recursive_mutex
                0x20000528                __lock___arc4random_mutex
                0x2000052c                __lock___env_recursive_mutex
                0x20000530                __lock___sinit_recursive_mutex
                0x20000534                __lock___malloc_recursive_mutex
                0x20000538                __lock___at_quick_exit_mutex
                0x2000053c                __lock___dd_hash_mutex
                0x20000540                __lock___tz_mutex
                0x20000544                __lock___sfp_recursive_mutex
                0x20000548                . = ALIGN (0x4)
 *fill*         0x20000545        0x3 
                0x20000548                _ebss = .
                0x20000548                __bss_end__ = _ebss

._user_heap_stack
                0x20000548      0x600 load address 0x08002648
                0x20000548                . = ALIGN (0x8)
                0x20000548                PROVIDE (end, .)
                [!provide]                PROVIDE (_end, .)
                0x20000748                . = (. + _Min_Heap_Size)
 *fill*         0x20000548      0x200 
                0x20000b48                . = (. + _Min_Stack_Size)
 *fill*         0x20000748      0x400 
                0x20000b48                . = ALIGN (0x8)

/DISCARD/
 libc.a(*)
 libm.a(*)
 libgcc.a(*)

.ARM.attributes
                0x00000000       0x29
 *(.ARM.attributes)
 .ARM.attributes
                0x00000000       0x1d c:/ac6/systemworkbench/plugins/fr.ac6.mcu.externaltools.arm-none.win32_1.15.0.201708311556/tools/compiler/bin/../lib/gcc/arm-none-eabi/6.3.1/thumb/v7-m/crti.o
 .ARM.attributes
                0x0000001d       0x2d c:/ac6/systemworkbench/plugins/fr.ac6.mcu.externaltools.arm-none.win32_1.15.0.201708311556/tools/compiler/bin/../lib/gcc/arm-none-eabi/6.3.1/thumb/v7-m/crtbegin.o
 .ARM.attributes
                0x0000004a       0x33 HAL_Driver/Src/stm32f1xx_hal.o
 .ARM.attributes
                0x0000007d       0x33 HAL_Driver/Src/stm32f1xx_hal_cortex.o
 .ARM.attributes
                0x000000b0       0x33 HAL_Driver/Src/stm32f1xx_hal_dma.o
 .ARM.attributes
                0x000000e3       0x33 HAL_Driver/Src/stm32f1xx_hal_gpio.o
 .ARM.attributes
                0x00000116       0x33 HAL_Driver/Src/stm32f1xx_hal_i2c.o
 .ARM.attributes
                0x00000149       0x33 HAL_Driver/Src/stm32f1xx_hal_msp_template.o
 .ARM.attributes
                0x0000017c       0x33 HAL_Driver/Src/stm32f1xx_hal_rcc.o
 .ARM.attributes
                0x000001af       0x33 Utilities/STM32F1xx_Nucleo/stm32f1xx_nucleo.o
 .ARM.attributes
                0x000001e2       0x33 src/main.o
 .ARM.attributes
                0x00000215       0x33 src/stm32f1xx_hal_msp.o
 .ARM.attributes
                0x00000248       0x33 src/stm32f1xx_it.o
 .ARM.attributes
                0x0000027b       0x33 src/system_stm32f1xx.o
 .ARM.attributes
                0x000002ae       0x21 startup/startup_stm32f103xb.o
 .ARM.attributes
                0x000002cf       0x2d c:/ac6/systemworkbench/plugins/fr.ac6.mcu.externaltools.arm-none.win32_1.15.0.201708311556/tools/compiler/bin/../lib/gcc/arm-none-eabi/6.3.1/../../../../arm-none-eabi/lib/thumb/v7-m\libc.a(lib_a-impure.o)
 .ARM.attributes
                0x000002fc       0x2d c:/ac6/systemworkbench/plugins/fr.ac6.mcu.externaltools.arm-none.win32_1.15.0.201708311556/tools/compiler/bin/../lib/gcc/arm-none-eabi/6.3.1/../../../../arm-none-eabi/lib/thumb/v7-m\libc.a(lib_a-init.o)
 .ARM.attributes
                0x00000329       0x2d c:/ac6/systemworkbench/plugins/fr.ac6.mcu.externaltools.arm-none.win32_1.15.0.201708311556/tools/compiler/bin/../lib/gcc/arm-none-eabi/6.3.1/../../../../arm-none-eabi/lib/thumb/v7-m\libc.a(lib_a-memset.o)
 .ARM.attributes
                0x00000356       0x1b c:/ac6/systemworkbench/plugins/fr.ac6.mcu.externaltools.arm-none.win32_1.15.0.201708311556/tools/compiler/bin/../lib/gcc/arm-none-eabi/6.3.1/../../../../arm-none-eabi/lib/thumb/v7-m\libc.a(lib_a-strcmp.o)
 .ARM.attributes
                0x00000371       0x2d c:/ac6/systemworkbench/plugins/fr.ac6.mcu.externaltools.arm-none.win32_1.15.0.201708311556/tools/compiler/bin/../lib/gcc/arm-none-eabi/6.3.1/../../../../arm-none-eabi/lib/thumb/v7-m\libc.a(lib_a-strlen-stub.o)
 .ARM.attributes
                0x0000039e       0x2d c:/ac6/systemworkbench/plugins/fr.ac6.mcu.externaltools.arm-none.win32_1.15.0.201708311556/tools/compiler/bin/../lib/gcc/arm-none-eabi/6.3.1/../../../../arm-none-eabi/lib/thumb/v7-m\libc.a(lib_a-__call_atexit.o)
 .ARM.attributes
                0x000003cb       0x2d c:/ac6/systemworkbench/plugins/fr.ac6.mcu.externaltools.arm-none.win32_1.15.0.201708311556/tools/compiler/bin/../lib/gcc/arm-none-eabi/6.3.1/../../../../arm-none-eabi/lib/thumb/v7-m\libc.a(lib_a-atexit.o)
 .ARM.attributes
                0x000003f8       0x2d c:/ac6/systemworkbench/plugins/fr.ac6.mcu.externaltools.arm-none.win32_1.15.0.201708311556/tools/compiler/bin/../lib/gcc/arm-none-eabi/6.3.1/../../../../arm-none-eabi/lib/thumb/v7-m\libc.a(lib_a-fini.o)
 .ARM.attributes
                0x00000425       0x2d c:/ac6/systemworkbench/plugins/fr.ac6.mcu.externaltools.arm-none.win32_1.15.0.201708311556/tools/compiler/bin/../lib/gcc/arm-none-eabi/6.3.1/../../../../arm-none-eabi/lib/thumb/v7-m\libc.a(lib_a-lock.o)
 .ARM.attributes
                0x00000452       0x2d c:/ac6/systemworkbench/plugins/fr.ac6.mcu.externaltools.arm-none.win32_1.15.0.201708311556/tools/compiler/bin/../lib/gcc/arm-none-eabi/6.3.1/../../../../arm-none-eabi/lib/thumb/v7-m\libc.a(lib_a-__atexit.o)
 .ARM.attributes
                0x0000047f       0x1d c:/ac6/systemworkbench/plugins/fr.ac6.mcu.externaltools.arm-none.win32_1.15.0.201708311556/tools/compiler/bin/../lib/gcc/arm-none-eabi/6.3.1/thumb/v7-m/crtn.o
OUTPUT(I2C.elf elf32-littlearm)

.comment        0x00000000       0x7f
 .comment       0x00000000       0x7f HAL_Driver/Src/stm32f1xx_hal.o
                                 0x80 (size before relaxing)
 .comment       0x0000007f       0x80 HAL_Driver/Src/stm32f1xx_hal_cortex.o
 .comment       0x0000007f       0x80 HAL_Driver/Src/stm32f1xx_hal_dma.o
 .comment       0x0000007f       0x80 HAL_Driver/Src/stm32f1xx_hal_gpio.o
 .comment       0x0000007f       0x80 HAL_Driver/Src/stm32f1xx_hal_i2c.o
 .comment       0x0000007f       0x80 HAL_Driver/Src/stm32f1xx_hal_msp_template.o
 .comment       0x0000007f       0x80 HAL_Driver/Src/stm32f1xx_hal_rcc.o
 .comment       0x0000007f       0x80 Utilities/STM32F1xx_Nucleo/stm32f1xx_nucleo.o
 .comment       0x0000007f       0x80 src/main.o
 .comment       0x0000007f       0x80 src/stm32f1xx_hal_msp.o
 .comment       0x0000007f       0x80 src/stm32f1xx_it.o
 .comment       0x0000007f       0x80 src/system_stm32f1xx.o

.debug_frame    0x00000000      0x248
 .debug_frame   0x00000000       0x2c c:/ac6/systemworkbench/plugins/fr.ac6.mcu.externaltools.arm-none.win32_1.15.0.201708311556/tools/compiler/bin/../lib/gcc/arm-none-eabi/6.3.1/../../../../arm-none-eabi/lib/thumb/v7-m\libc.a(lib_a-init.o)
 .debug_frame   0x0000002c       0x34 c:/ac6/systemworkbench/plugins/fr.ac6.mcu.externaltools.arm-none.win32_1.15.0.201708311556/tools/compiler/bin/../lib/gcc/arm-none-eabi/6.3.1/../../../../arm-none-eabi/lib/thumb/v7-m\libc.a(lib_a-memset.o)
 .debug_frame   0x00000060       0x34 c:/ac6/systemworkbench/plugins/fr.ac6.mcu.externaltools.arm-none.win32_1.15.0.201708311556/tools/compiler/bin/../lib/gcc/arm-none-eabi/6.3.1/../../../../arm-none-eabi/lib/thumb/v7-m\libc.a(lib_a-strcmp.o)
 .debug_frame   0x00000094       0x20 c:/ac6/systemworkbench/plugins/fr.ac6.mcu.externaltools.arm-none.win32_1.15.0.201708311556/tools/compiler/bin/../lib/gcc/arm-none-eabi/6.3.1/../../../../arm-none-eabi/lib/thumb/v7-m\libc.a(lib_a-strlen-stub.o)
 .debug_frame   0x000000b4       0x5c c:/ac6/systemworkbench/plugins/fr.ac6.mcu.externaltools.arm-none.win32_1.15.0.201708311556/tools/compiler/bin/../lib/gcc/arm-none-eabi/6.3.1/../../../../arm-none-eabi/lib/thumb/v7-m\libc.a(lib_a-__call_atexit.o)
 .debug_frame   0x00000110       0x20 c:/ac6/systemworkbench/plugins/fr.ac6.mcu.externaltools.arm-none.win32_1.15.0.201708311556/tools/compiler/bin/../lib/gcc/arm-none-eabi/6.3.1/../../../../arm-none-eabi/lib/thumb/v7-m\libc.a(lib_a-atexit.o)
 .debug_frame   0x00000130       0x34 c:/ac6/systemworkbench/plugins/fr.ac6.mcu.externaltools.arm-none.win32_1.15.0.201708311556/tools/compiler/bin/../lib/gcc/arm-none-eabi/6.3.1/../../../../arm-none-eabi/lib/thumb/v7-m\libc.a(lib_a-fini.o)
 .debug_frame   0x00000164       0xb0 c:/ac6/systemworkbench/plugins/fr.ac6.mcu.externaltools.arm-none.win32_1.15.0.201708311556/tools/compiler/bin/../lib/gcc/arm-none-eabi/6.3.1/../../../../arm-none-eabi/lib/thumb/v7-m\libc.a(lib_a-lock.o)
 .debug_frame   0x00000214       0x34 c:/ac6/systemworkbench/plugins/fr.ac6.mcu.externaltools.arm-none.win32_1.15.0.201708311556/tools/compiler/bin/../lib/gcc/arm-none-eabi/6.3.1/../../../../arm-none-eabi/lib/thumb/v7-m\libc.a(lib_a-__atexit.o)
