Archive member included to satisfy reference by file (symbol)

c:/ac6/systemworkbench/plugins/fr.ac6.mcu.externaltools.arm-none.win32_1.15.0.201708311556/tools/compiler/bin/../lib/gcc/arm-none-eabi/6.3.1/../../../../arm-none-eabi/lib/thumb/v7-m\libc.a(lib_a-errno.o)
                              src/syscalls.o (__errno)
c:/ac6/systemworkbench/plugins/fr.ac6.mcu.externaltools.arm-none.win32_1.15.0.201708311556/tools/compiler/bin/../lib/gcc/arm-none-eabi/6.3.1/../../../../arm-none-eabi/lib/thumb/v7-m\libc.a(lib_a-exit.o)
                              c:/ac6/systemworkbench/plugins/fr.ac6.mcu.externaltools.arm-none.win32_1.15.0.201708311556/tools/compiler/bin/../lib/gcc/arm-none-eabi/6.3.1/../../../../arm-none-eabi/lib/thumb/v7-m/crt0.o (exit)
c:/ac6/systemworkbench/plugins/fr.ac6.mcu.externaltools.arm-none.win32_1.15.0.201708311556/tools/compiler/bin/../lib/gcc/arm-none-eabi/6.3.1/../../../../arm-none-eabi/lib/thumb/v7-m\libc.a(lib_a-impure.o)
                              c:/ac6/systemworkbench/plugins/fr.ac6.mcu.externaltools.arm-none.win32_1.15.0.201708311556/tools/compiler/bin/../lib/gcc/arm-none-eabi/6.3.1/../../../../arm-none-eabi/lib/thumb/v7-m\libc.a(lib_a-exit.o) (_global_impure_ptr)
c:/ac6/systemworkbench/plugins/fr.ac6.mcu.externaltools.arm-none.win32_1.15.0.201708311556/tools/compiler/bin/../lib/gcc/arm-none-eabi/6.3.1/../../../../arm-none-eabi/lib/thumb/v7-m\libc.a(lib_a-init.o)
                              c:/ac6/systemworkbench/plugins/fr.ac6.mcu.externaltools.arm-none.win32_1.15.0.201708311556/tools/compiler/bin/../lib/gcc/arm-none-eabi/6.3.1/../../../../arm-none-eabi/lib/thumb/v7-m/crt0.o (__libc_init_array)
c:/ac6/systemworkbench/plugins/fr.ac6.mcu.externaltools.arm-none.win32_1.15.0.201708311556/tools/compiler/bin/../lib/gcc/arm-none-eabi/6.3.1/../../../../arm-none-eabi/lib/thumb/v7-m\libc.a(lib_a-memset.o)
                              c:/ac6/systemworkbench/plugins/fr.ac6.mcu.externaltools.arm-none.win32_1.15.0.201708311556/tools/compiler/bin/../lib/gcc/arm-none-eabi/6.3.1/../../../../arm-none-eabi/lib/thumb/v7-m/crt0.o (memset)
c:/ac6/systemworkbench/plugins/fr.ac6.mcu.externaltools.arm-none.win32_1.15.0.201708311556/tools/compiler/bin/../lib/gcc/arm-none-eabi/6.3.1/../../../../arm-none-eabi/lib/thumb/v7-m\libc.a(lib_a-strcmp.o)
                              src/main.o (strcmp)
c:/ac6/systemworkbench/plugins/fr.ac6.mcu.externaltools.arm-none.win32_1.15.0.201708311556/tools/compiler/bin/../lib/gcc/arm-none-eabi/6.3.1/../../../../arm-none-eabi/lib/thumb/v7-m\libc.a(lib_a-strlen-stub.o)
                              src/main.o (strlen)
c:/ac6/systemworkbench/plugins/fr.ac6.mcu.externaltools.arm-none.win32_1.15.0.201708311556/tools/compiler/bin/../lib/gcc/arm-none-eabi/6.3.1/../../../../arm-none-eabi/lib/thumb/v7-m\libc.a(lib_a-__call_atexit.o)
                              c:/ac6/systemworkbench/plugins/fr.ac6.mcu.externaltools.arm-none.win32_1.15.0.201708311556/tools/compiler/bin/../lib/gcc/arm-none-eabi/6.3.1/../../../../arm-none-eabi/lib/thumb/v7-m\libc.a(lib_a-exit.o) (__call_exitprocs)
c:/ac6/systemworkbench/plugins/fr.ac6.mcu.externaltools.arm-none.win32_1.15.0.201708311556/tools/compiler/bin/../lib/gcc/arm-none-eabi/6.3.1/../../../../arm-none-eabi/lib/thumb/v7-m\libc.a(lib_a-atexit.o)
                              c:/ac6/systemworkbench/plugins/fr.ac6.mcu.externaltools.arm-none.win32_1.15.0.201708311556/tools/compiler/bin/../lib/gcc/arm-none-eabi/6.3.1/../../../../arm-none-eabi/lib/thumb/v7-m\libc.a(lib_a-__call_atexit.o) (atexit)
c:/ac6/systemworkbench/plugins/fr.ac6.mcu.externaltools.arm-none.win32_1.15.0.201708311556/tools/compiler/bin/../lib/gcc/arm-none-eabi/6.3.1/../../../../arm-none-eabi/lib/thumb/v7-m\libc.a(lib_a-fini.o)
                              c:/ac6/systemworkbench/plugins/fr.ac6.mcu.externaltools.arm-none.win32_1.15.0.201708311556/tools/compiler/bin/../lib/gcc/arm-none-eabi/6.3.1/../../../../arm-none-eabi/lib/thumb/v7-m\libc.a(lib_a-__call_atexit.o) (__libc_fini_array)
c:/ac6/systemworkbench/plugins/fr.ac6.mcu.externaltools.arm-none.win32_1.15.0.201708311556/tools/compiler/bin/../lib/gcc/arm-none-eabi/6.3.1/../../../../arm-none-eabi/lib/thumb/v7-m\libc.a(lib_a-lock.o)
                              c:/ac6/systemworkbench/plugins/fr.ac6.mcu.externaltools.arm-none.win32_1.15.0.201708311556/tools/compiler/bin/../lib/gcc/arm-none-eabi/6.3.1/../../../../arm-none-eabi/lib/thumb/v7-m\libc.a(lib_a-__call_atexit.o) (__retarget_lock_acquire_recursive)
c:/ac6/systemworkbench/plugins/fr.ac6.mcu.externaltools.arm-none.win32_1.15.0.201708311556/tools/compiler/bin/../lib/gcc/arm-none-eabi/6.3.1/../../../../arm-none-eabi/lib/thumb/v7-m\libc.a(lib_a-__atexit.o)
                              c:/ac6/systemworkbench/plugins/fr.ac6.mcu.externaltools.arm-none.win32_1.15.0.201708311556/tools/compiler/bin/../lib/gcc/arm-none-eabi/6.3.1/../../../../arm-none-eabi/lib/thumb/v7-m\libc.a(lib_a-atexit.o) (__register_exitproc)

Allocating common symbols
Common symbol       size              file
[...]
Memory Configuration

Name             Origin             Length             Attributes
FLASH            0x08000000         0x00020000         xr
RAM              0x20000000         0x00005000         xrw
*default*        0x00000000         0xffffffff

Linker script and memory map

LOAD c:/ac6/systemworkbench/plugins/fr.ac6.mcu.externaltools.arm-none.win32_1.15.0.201708311556/tools/compiler/bin/../lib/gcc/arm-none-eabi/6.3.1/thumb/v7-m/crti.o
LOAD c:/ac6/systemworkbench/plugins/fr.ac6.mcu.externaltools.arm-none.win32_1.15.0.201708311556/tools/compiler/bin/../lib/gcc/arm-none-eabi/6.3.1/thumb/v7-m/crtbegin.o
LOAD c:/ac6/systemworkbench/plugins/fr.ac6.mcu.externaltools.arm-none.win32_1.15.0.201708311556/tools/compiler/bin/../lib/gcc/arm-none-eabi/6.3.1/../../../../arm-none-eabi/lib/thumb/v7-m/crt0.o
LOAD HAL_Driver/Src/stm32f1xx_hal.o
LOAD HAL_Driver/Src/stm32f1xx_hal_adc.o
LOAD HAL_Driver/Src/stm32f1xx_hal_adc_ex.o
LOAD HAL_Driver/Src/stm32f1xx_hal_can.o
LOAD HAL_Driver/Src/stm32f1xx_hal_cec.o
LOAD HAL_Driver/Src/stm32f1xx_hal_cortex.o
LOAD HAL_Driver/Src/stm32f1xx_hal_crc.o
LOAD HAL_Driver/Src/stm32f1xx_hal_dac.o
LOAD HAL_Driver/Src/stm32f1xx_hal_dac_ex.o
LOAD HAL_Driver/Src/stm32f1xx_hal_dma.o
LOAD HAL_Driver/Src/stm32f1xx_hal_eth.o
LOAD HAL_Driver/Src/stm32f1xx_hal_flash.o
LOAD HAL_Driver/Src/stm32f1xx_hal_flash_ex.o
LOAD HAL_Driver/Src/stm32f1xx_hal_gpio.o
LOAD HAL_Driver/Src/stm32f1xx_hal_gpio_ex.o
LOAD HAL_Driver/Src/stm32f1xx_hal_hcd.o
LOAD HAL_Driver/Src/stm32f1xx_hal_i2c.o
LOAD HAL_Driver/Src/stm32f1xx_hal_i2s.o
LOAD HAL_Driver/Src/stm32f1xx_hal_irda.o
LOAD HAL_Driver/Src/stm32f1xx_hal_iwdg.o
LOAD HAL_Driver/Src/stm32f1xx_hal_mmc.o
LOAD HAL_Driver/Src/stm32f1xx_hal_msp_template.o
LOAD HAL_Driver/Src/stm32f1xx_hal_nand.o
LOAD HAL_Driver/Src/stm32f1xx_hal_nor.o
LOAD HAL_Driver/Src/stm32f1xx_hal_pccard.o
LOAD HAL_Driver/Src/stm32f1xx_hal_pcd.o
LOAD HAL_Driver/Src/stm32f1xx_hal_pcd_ex.o
LOAD HAL_Driver/Src/stm32f1xx_hal_pwr.o
LOAD HAL_Driver/Src/stm32f1xx_hal_rcc.o
LOAD HAL_Driver/Src/stm32f1xx_hal_rcc_ex.o
LOAD HAL_Driver/Src/stm32f1xx_hal_rtc.o
LOAD HAL_Driver/Src/stm32f1xx_hal_rtc_ex.o
LOAD HAL_Driver/Src/stm32f1xx_hal_sd.o
LOAD HAL_Driver/Src/stm32f1xx_hal_smartcard.o
LOAD HAL_Driver/Src/stm32f1xx_hal_spi.o
LOAD HAL_Driver/Src/stm32f1xx_hal_spi_ex.o
LOAD HAL_Driver/Src/stm32f1xx_hal_sram.o
LOAD HAL_Driver/Src/stm32f1xx_hal_tim.o
LOAD HAL_Driver/Src/stm32f1xx_hal_tim_ex.o
LOAD HAL_Driver/Src/stm32f1xx_hal_uart.o
LOAD HAL_Driver/Src/stm32f1xx_hal_usart.o
LOAD HAL_Driver/Src/stm32f1xx_hal_wwdg.o
LOAD HAL_Driver/Src/stm32f1xx_ll_adc.o
LOAD HAL_Driver/Src/stm32f1xx_ll_crc.o
LOAD HAL_Driver/Src/stm32f1xx_ll_dac.o
LOAD HAL_Driver/Src/stm32f1xx_ll_dma.o
LOAD HAL_Driver/Src/stm32f1xx_ll_exti.o
LOAD HAL_Driver/Src/stm32f1xx_ll_fsmc.o
LOAD HAL_Driver/Src/stm32f1xx_ll_gpio.o
LOAD HAL_Driver/Src/stm32f1xx_ll_i2c.o
LOAD HAL_Driver/Src/stm32f1xx_ll_pwr.o
LOAD HAL_Driver/Src/stm32f1xx_ll_rcc.o
LOAD HAL_Driver/Src/stm32f1xx_ll_rtc.o
LOAD HAL_Driver/Src/stm32f1xx_ll_sdmmc.o
LOAD HAL_Driver/Src/stm32f1xx_ll_spi.o
LOAD HAL_Driver/Src/stm32f1xx_ll_tim.o
LOAD HAL_Driver/Src/stm32f1xx_ll_usart.o
LOAD HAL_Driver/Src/stm32f1xx_ll_usb.o
LOAD HAL_Driver/Src/stm32f1xx_ll_utils.o
LOAD Utilities/STM32F1xx_Nucleo/stm32f1xx_nucleo.o
LOAD src/main.o
LOAD src/stm32f1xx_hal_msp.o
LOAD src/stm32f1xx_it.o
LOAD src/syscalls.o
LOAD src/system_stm32f1xx.o
LOAD startup/startup_stm32f103xb.o
LOAD c:/ac6/systemworkbench/plugins/fr.ac6.mcu.externaltools.arm-none.win32_1.15.0.201708311556/tools/compiler/bin/../lib/gcc/arm-none-eabi/6.3.1/../../../../arm-none-eabi/lib/thumb/v7-m\libm.a
START GROUP
LOAD c:/ac6/systemworkbench/plugins/fr.ac6.mcu.externaltools.arm-none.win32_1.15.0.201708311556/tools/compiler/bin/../lib/gcc/arm-none-eabi/6.3.1/thumb/v7-m\libgcc.a
LOAD c:/ac6/systemworkbench/plugins/fr.ac6.mcu.externaltools.arm-none.win32_1.15.0.201708311556/tools/compiler/bin/../lib/gcc/arm-none-eabi/6.3.1/../../../../arm-none-eabi/lib/thumb/v7-m\libc.a
END GROUP
LOAD c:/ac6/systemworkbench/plugins/fr.ac6.mcu.externaltools.arm-none.win32_1.15.0.201708311556/tools/compiler/bin/../lib/gcc/arm-none-eabi/6.3.1/thumb/v7-m/crtend.o
LOAD c:/ac6/systemworkbench/plugins/fr.ac6.mcu.externaltools.arm-none.win32_1.15.0.201708311556/tools/compiler/bin/../lib/gcc/arm-none-eabi/6.3.1/thumb/v7-m/crtn.o
                0x20005000                _estack = 0x20005000
                0x00000200                _Min_Heap_Size = 0x200
                0x00000400                _Min_Stack_Size = 0x400

.isr_vector     0x08000000      0x10c
                0x08000000                . = ALIGN (0x4)
 *(.isr_vector)
 .isr_vector    0x08000000      0x10c startup/startup_stm32f103xb.o
                0x08000000                g_pfnVectors
                0x0800010c                . = ALIGN (0x4)

.text           0x0800010c     0x31a4
                0x0800010c                . = ALIGN (0x4)
 *(.text)
 .text          0x0800010c       0x6c c:/ac6/systemworkbench/plugins/fr.ac6.mcu.externaltools.arm-none.win32_1.15.0.201708311556/tools/compiler/bin/../lib/gcc/arm-none-eabi/6.3.1/thumb/v7-m/crtbegin.o
 .text          0x08000178      0x1bc c:/ac6/systemworkbench/plugins/fr.ac6.mcu.externaltools.arm-none.win32_1.15.0.201708311556/tools/compiler/bin/../lib/gcc/arm-none-eabi/6.3.1/../../../../arm-none-eabi/lib/thumb/v7-m\libc.a(lib_a-strcmp.o)
                0x08000178                strcmp
 *(.text*)
 .text.HAL_Init
                0x08000334       0x2c HAL_Driver/Src/stm32f1xx_hal.o
                0x08000334                HAL_Init
 .text.HAL_InitTick
                0x08000360       0x38 HAL_Driver/Src/stm32f1xx_hal.o
                0x08000360                HAL_InitTick
 .text.HAL_IncTick
                0x08000398       0x1c HAL_Driver/Src/stm32f1xx_hal.o
                0x08000398                HAL_IncTick
 .text.HAL_GetTick
                0x080003b4       0x14 HAL_Driver/Src/stm32f1xx_hal.o
                0x080003b4                HAL_GetTick
 .text.HAL_Delay
                0x080003c8       0x3a HAL_Driver/Src/stm32f1xx_hal.o
                0x080003c8                HAL_Delay
 *fill*         0x08000402        0x2 
 .text.NVIC_SetPriorityGrouping
                0x08000404       0x48 HAL_Driver/Src/stm32f1xx_hal_cortex.o
 .text.NVIC_GetPriorityGrouping
                0x0800044c       0x1c HAL_Driver/Src/stm32f1xx_hal_cortex.o
 .text.NVIC_EnableIRQ
                0x08000468       0x30 HAL_Driver/Src/stm32f1xx_hal_cortex.o
 .text.NVIC_SetPriority
                0x08000498       0x54 HAL_Driver/Src/stm32f1xx_hal_cortex.o
 .text.NVIC_EncodePriority
                0x080004ec       0x60 HAL_Driver/Src/stm32f1xx_hal_cortex.o
 .text.SysTick_Config
                0x0800054c       0x44 HAL_Driver/Src/stm32f1xx_hal_cortex.o
 .text.HAL_NVIC_SetPriorityGrouping
                0x08000590       0x16 HAL_Driver/Src/stm32f1xx_hal_cortex.o
                0x08000590                HAL_NVIC_SetPriorityGrouping
 .text.HAL_NVIC_SetPriority
                0x080005a6       0x38 HAL_Driver/Src/stm32f1xx_hal_cortex.o
                0x080005a6                HAL_NVIC_SetPriority
 .text.HAL_NVIC_EnableIRQ
                0x080005de       0x1c HAL_Driver/Src/stm32f1xx_hal_cortex.o
                0x080005de                HAL_NVIC_EnableIRQ
 .text.HAL_SYSTICK_Config
                0x080005fa       0x18 HAL_Driver/Src/stm32f1xx_hal_cortex.o
                0x080005fa                HAL_SYSTICK_Config
 *fill*         0x08000612        0x2 
 .text.HAL_DMA_Abort_IT
                0x08000614       0xf8 HAL_Driver/Src/stm32f1xx_hal_dma.o
                0x08000614                HAL_DMA_Abort_IT
 .text.HAL_GPIO_Init
                0x0800070c      0x2bc HAL_Driver/Src/stm32f1xx_hal_gpio.o
                0x0800070c                HAL_GPIO_Init
 .text.HAL_GPIO_WritePin
                0x080009c8       0x30 HAL_Driver/Src/stm32f1xx_hal_gpio.o
                0x080009c8                HAL_GPIO_WritePin
 .text.HAL_GPIO_TogglePin
                0x080009f8       0x22 HAL_Driver/Src/stm32f1xx_hal_gpio.o
                0x080009f8                HAL_GPIO_TogglePin
 *fill*         0x08000a1a        0x2 
 .text.HAL_I2C_Init
                0x08000a1c      0x1c0 HAL_Driver/Src/stm32f1xx_hal_i2c.o
                0x08000a1c                HAL_I2C_Init
 .text.HAL_I2C_Slave_Sequential_Transmit_IT
                0x08000bdc       0xe0 HAL_Driver/Src/stm32f1xx_hal_i2c.o
                0x08000bdc                HAL_I2C_Slave_Sequential_Transmit_IT
 .text.HAL_I2C_Slave_Sequential_Receive_IT
                0x08000cbc       0xe0 HAL_Driver/Src/stm32f1xx_hal_i2c.o
                0x08000cbc                HAL_I2C_Slave_Sequential_Receive_IT
 .text.HAL_I2C_EnableListen_IT
                0x08000d9c       0x6a HAL_Driver/Src/stm32f1xx_hal_i2c.o
                0x08000d9c                HAL_I2C_EnableListen_IT
 *fill*         0x08000e06        0x2 
 .text.HAL_I2C_EV_IRQHandler
                0x08000e08      0x208 HAL_Driver/Src/stm32f1xx_hal_i2c.o
                0x08000e08                HAL_I2C_EV_IRQHandler
 .text.HAL_I2C_ER_IRQHandler
                0x08001010      0x164 HAL_Driver/Src/stm32f1xx_hal_i2c.o
                0x08001010                HAL_I2C_ER_IRQHandler
 .text.HAL_I2C_MasterTxCpltCallback
                0x08001174       0x12 HAL_Driver/Src/stm32f1xx_hal_i2c.o
                0x08001174                HAL_I2C_MasterTxCpltCallback
 .text.HAL_I2C_MasterRxCpltCallback
                0x08001186       0x12 HAL_Driver/Src/stm32f1xx_hal_i2c.o
                0x08001186                HAL_I2C_MasterRxCpltCallback
 .text.HAL_I2C_MemTxCpltCallback
                0x08001198       0x12 HAL_Driver/Src/stm32f1xx_hal_i2c.o
                0x08001198                HAL_I2C_MemTxCpltCallback
 .text.HAL_I2C_MemRxCpltCallback
                0x080011aa       0x12 HAL_Driver/Src/stm32f1xx_hal_i2c.o
                0x080011aa                HAL_I2C_MemRxCpltCallback
 .text.HAL_I2C_AbortCpltCallback
                0x080011bc       0x12 HAL_Driver/Src/stm32f1xx_hal_i2c.o
                0x080011bc                HAL_I2C_AbortCpltCallback
 .text.HAL_I2C_GetState
                0x080011ce       0x1a HAL_Driver/Src/stm32f1xx_hal_i2c.o
                0x080011ce                HAL_I2C_GetState
 .text.HAL_I2C_GetError
                0x080011e8       0x16 HAL_Driver/Src/stm32f1xx_hal_i2c.o
                0x080011e8                HAL_I2C_GetError
 .text.I2C_MasterTransmit_TXE
                0x080011fe      0x1ea HAL_Driver/Src/stm32f1xx_hal_i2c.o
 .text.I2C_MasterTransmit_BTF
                0x080013e8       0xea HAL_Driver/Src/stm32f1xx_hal_i2c.o
 .text.I2C_MasterReceive_RXNE
                0x080014d2      0x142 HAL_Driver/Src/stm32f1xx_hal_i2c.o
 .text.I2C_MasterReceive_BTF
                0x08001614      0x182 HAL_Driver/Src/stm32f1xx_hal_i2c.o
 .text.I2C_Master_SB
                0x08001796       0xd4 HAL_Driver/Src/stm32f1xx_hal_i2c.o
 .text.I2C_Master_ADD10
                0x0800186a       0x20 HAL_Driver/Src/stm32f1xx_hal_i2c.o
 .text.I2C_Master_ADDR
                0x0800188a      0x2da HAL_Driver/Src/stm32f1xx_hal_i2c.o
 .text.I2C_SlaveTransmit_TXE
                0x08001b64       0x7a HAL_Driver/Src/stm32f1xx_hal_i2c.o
 .text.I2C_SlaveTransmit_BTF
                0x08001bde       0x3e HAL_Driver/Src/stm32f1xx_hal_i2c.o
 .text.I2C_SlaveReceive_RXNE
                0x08001c1c       0x7c HAL_Driver/Src/stm32f1xx_hal_i2c.o
 .text.I2C_SlaveReceive_BTF
                0x08001c98       0x40 HAL_Driver/Src/stm32f1xx_hal_i2c.o
 .text.I2C_Slave_ADDR
                0x08001cd8       0x54 HAL_Driver/Src/stm32f1xx_hal_i2c.o
 .text.I2C_Slave_STOPF
                0x08001d2c      0x18c HAL_Driver/Src/stm32f1xx_hal_i2c.o
 .text.I2C_Slave_AF
                0x08001eb8       0xe4 HAL_Driver/Src/stm32f1xx_hal_i2c.o
 .text.I2C_ITError
                0x08001f9c      0x208 HAL_Driver/Src/stm32f1xx_hal_i2c.o
 .text.I2C_DMAAbort
                0x080021a4       0x9c HAL_Driver/Src/stm32f1xx_hal_i2c.o
 .text.HAL_MspInit
                0x08002240        0xc HAL_Driver/Src/stm32f1xx_hal_msp_template.o
                0x08002240                HAL_MspInit
 .text.HAL_RCC_OscConfig
                0x0800224c      0x4c8 HAL_Driver/Src/stm32f1xx_hal_rcc.o
                0x0800224c                HAL_RCC_OscConfig
 .text.HAL_RCC_ClockConfig
                0x08002714      0x1e8 HAL_Driver/Src/stm32f1xx_hal_rcc.o
                0x08002714                HAL_RCC_ClockConfig
 .text.HAL_RCC_GetSysClockFreq
                0x080028fc       0xc4 HAL_Driver/Src/stm32f1xx_hal_rcc.o
                0x080028fc                HAL_RCC_GetSysClockFreq
 .text.HAL_RCC_GetHCLKFreq
                0x080029c0       0x14 HAL_Driver/Src/stm32f1xx_hal_rcc.o
                0x080029c0                HAL_RCC_GetHCLKFreq
 .text.HAL_RCC_GetPCLK1Freq
                0x080029d4       0x28 HAL_Driver/Src/stm32f1xx_hal_rcc.o
                0x080029d4                HAL_RCC_GetPCLK1Freq
 .text.RCC_Delay
                0x080029fc       0x3c HAL_Driver/Src/stm32f1xx_hal_rcc.o
 .text.BSP_LED_Init
                0x08002a38       0x70 Utilities/STM32F1xx_Nucleo/stm32f1xx_nucleo.o
                0x08002a38                BSP_LED_Init
 .text.BSP_LED_On
                0x08002aa8       0x28 Utilities/STM32F1xx_Nucleo/stm32f1xx_nucleo.o
                0x08002aa8                BSP_LED_On
 .text.BSP_LED_Off
                0x08002ad0       0x28 Utilities/STM32F1xx_Nucleo/stm32f1xx_nucleo.o
                0x08002ad0                BSP_LED_Off
 .text.BSP_LED_Toggle
                0x08002af8       0x28 Utilities/STM32F1xx_Nucleo/stm32f1xx_nucleo.o
                0x08002af8                BSP_LED_Toggle
 .text.main     0x08002b20       0x78 src/main.o
                0x08002b20                main
 .text.SystemClock_Config
                0x08002b98       0x8a src/main.o
 .text.HAL_I2C_SlaveTxCpltCallback
                0x08002c22       0x16 src/main.o
                0x08002c22                HAL_I2C_SlaveTxCpltCallback
 .text.HAL_I2C_SlaveRxCpltCallback
                0x08002c38       0x88 src/main.o
                0x08002c38                HAL_I2C_SlaveRxCpltCallback
 .text.HAL_I2C_AddrCallback
                0x08002cc0       0xd0 src/main.o
                0x08002cc0                HAL_I2C_AddrCallback
 .text.HAL_I2C_ListenCpltCallback
                0x08002d90       0x58 src/main.o
                0x08002d90                HAL_I2C_ListenCpltCallback
 .text.HAL_I2C_ErrorCallback
                0x08002de8       0x20 src/main.o
                0x08002de8                HAL_I2C_ErrorCallback
 .text.Error_Handler
                0x08002e08       0x12 src/main.o
 .text.FlushBuffer8
                0x08002e1a       0x3a src/main.o
 .text.HAL_I2C_MspInit
                0x08002e54       0xac src/stm32f1xx_hal_msp.o
                0x08002e54                HAL_I2C_MspInit
 .text.NMI_Handler
                0x08002f00        0xc src/stm32f1xx_it.o
                0x08002f00                NMI_Handler
 .text.HardFault_Handler
                0x08002f0c        0x6 src/stm32f1xx_it.o
                0x08002f0c                HardFault_Handler
 .text.MemManage_Handler
                0x08002f12        0x6 src/stm32f1xx_it.o
                0x08002f12                MemManage_Handler
 .text.BusFault_Handler
                0x08002f18        0x6 src/stm32f1xx_it.o
                0x08002f18                BusFault_Handler
 .text.UsageFault_Handler
                0x08002f1e        0x6 src/stm32f1xx_it.o
                0x08002f1e                UsageFault_Handler
 .text.SVC_Handler
                0x08002f24        0xc src/stm32f1xx_it.o
                0x08002f24                SVC_Handler
 .text.DebugMon_Handler
                0x08002f30        0xc src/stm32f1xx_it.o
                0x08002f30                DebugMon_Handler
 .text.PendSV_Handler
                0x08002f3c        0xc src/stm32f1xx_it.o
                0x08002f3c                PendSV_Handler
 .text.SysTick_Handler
                0x08002f48        0xc src/stm32f1xx_it.o
                0x08002f48                SysTick_Handler
 .text.I2C1_EV_IRQHandler
                0x08002f54       0x14 src/stm32f1xx_it.o
                0x08002f54                I2C1_EV_IRQHandler
 .text.I2C1_ER_IRQHandler
                0x08002f68       0x14 src/stm32f1xx_it.o
                0x08002f68                I2C1_ER_IRQHandler
 .text.SystemInit
                0x08002f7c       0x68 src/system_stm32f1xx.o
                0x08002f7c                SystemInit
 .text.Reset_Handler
                0x08002fe4       0x48 startup/startup_stm32f103xb.o
                0x08002fe4                Reset_Handler
 .text.Default_Handler
                0x0800302c        0x2 startup/startup_stm32f103xb.o
                0x0800302c                RTC_Alarm_IRQHandler
                0x0800302c                EXTI2_IRQHandler
                0x0800302c                TIM1_CC_IRQHandler
                0x0800302c                PVD_IRQHandler
                0x0800302c                EXTI3_IRQHandler
                0x0800302c                EXTI0_IRQHandler
                0x0800302c                I2C2_EV_IRQHandler
                0x0800302c                ADC1_2_IRQHandler
                0x0800302c                SPI1_IRQHandler
                0x0800302c                TAMPER_IRQHandler
                0x0800302c                DMA1_Channel4_IRQHandler
                0x0800302c                USART3_IRQHandler
                0x0800302c                RTC_IRQHandler
                0x0800302c                DMA1_Channel7_IRQHandler
                0x0800302c                CAN1_RX1_IRQHandler
                0x0800302c                TIM4_IRQHandler
                0x0800302c                DMA1_Channel6_IRQHandler
                0x0800302c                TIM3_IRQHandler
                0x0800302c                RCC_IRQHandler
                0x0800302c                TIM1_TRG_COM_IRQHandler
                0x0800302c                DMA1_Channel1_IRQHandler
                0x0800302c                Default_Handler
                0x0800302c                EXTI15_10_IRQHandler
                0x0800302c                EXTI9_5_IRQHandler
                0x0800302c                SPI2_IRQHandler
                0x0800302c                DMA1_Channel5_IRQHandler
                0x0800302c                EXTI4_IRQHandler
                0x0800302c                USB_LP_CAN1_RX0_IRQHandler
                0x0800302c                USB_HP_CAN1_TX_IRQHandler
                0x0800302c                DMA1_Channel3_IRQHandler
                0x0800302c                TIM1_UP_IRQHandler
                0x0800302c                WWDG_IRQHandler
                0x0800302c                TIM2_IRQHandler
                0x0800302c                TIM1_BRK_IRQHandler
                0x0800302c                EXTI1_IRQHandler
                0x0800302c                USART2_IRQHandler
                0x0800302c                I2C2_ER_IRQHandler
                0x0800302c                DMA1_Channel2_IRQHandler
                0x0800302c                CAN1_SCE_IRQHandler
                0x0800302c                FLASH_IRQHandler
                0x0800302c                USART1_IRQHandler
                0x0800302c                USBWakeUp_IRQHandler
 *fill*         0x0800302e        0x2 
 .text.__libc_init_array
                0x08003030       0x50 c:/ac6/systemworkbench/plugins/fr.ac6.mcu.externaltools.arm-none.win32_1.15.0.201708311556/tools/compiler/bin/../lib/gcc/arm-none-eabi/6.3.1/../../../../arm-none-eabi/lib/thumb/v7-m\libc.a(lib_a-init.o)
                0x08003030                __libc_init_array
 .text.memset   0x08003080       0x9c c:/ac6/systemworkbench/plugins/fr.ac6.mcu.externaltools.arm-none.win32_1.15.0.201708311556/tools/compiler/bin/../lib/gcc/arm-none-eabi/6.3.1/../../../../arm-none-eabi/lib/thumb/v7-m\libc.a(lib_a-memset.o)
                0x08003080                memset
 .text.strlen   0x0800311c       0x5c c:/ac6/systemworkbench/plugins/fr.ac6.mcu.externaltools.arm-none.win32_1.15.0.201708311556/tools/compiler/bin/../lib/gcc/arm-none-eabi/6.3.1/../../../../arm-none-eabi/lib/thumb/v7-m\libc.a(lib_a-strlen-stub.o)
                0x0800311c                strlen
 .text.startup.register_fini
                0x08003178       0x14 c:/ac6/systemworkbench/plugins/fr.ac6.mcu.externaltools.arm-none.win32_1.15.0.201708311556/tools/compiler/bin/../lib/gcc/arm-none-eabi/6.3.1/../../../../arm-none-eabi/lib/thumb/v7-m\libc.a(lib_a-__call_atexit.o)
 .text.atexit   0x0800318c        0xc c:/ac6/systemworkbench/plugins/fr.ac6.mcu.externaltools.arm-none.win32_1.15.0.201708311556/tools/compiler/bin/../lib/gcc/arm-none-eabi/6.3.1/../../../../arm-none-eabi/lib/thumb/v7-m\libc.a(lib_a-atexit.o)
                0x0800318c                atexit
 .text.__libc_fini_array
                0x08003198       0x34 c:/ac6/systemworkbench/plugins/fr.ac6.mcu.externaltools.arm-none.win32_1.15.0.201708311556/tools/compiler/bin/../lib/gcc/arm-none-eabi/6.3.1/../../../../arm-none-eabi/lib/thumb/v7-m\libc.a(lib_a-fini.o)
                0x08003198                __libc_fini_array
 .text.__retarget_lock_acquire_recursive
                0x080031cc        0x4 c:/ac6/systemworkbench/plugins/fr.ac6.mcu.externaltools.arm-none.win32_1.15.0.201708311556/tools/compiler/bin/../lib/gcc/arm-none-eabi/6.3.1/../../../../arm-none-eabi/lib/thumb/v7-m\libc.a(lib_a-lock.o)
                0x080031cc                __retarget_lock_acquire_recursive
 .text.__retarget_lock_release_recursive
                0x080031d0        0x4 c:/ac6/systemworkbench/plugins/fr.ac6.mcu.externaltools.arm-none.win32_1.15.0.201708311556/tools/compiler/bin/../lib/gcc/arm-none-eabi/6.3.1/../../../../arm-none-eabi/lib/thumb/v7-m\libc.a(lib_a-lock.o)
                0x080031d0                __retarget_lock_release_recursive
 .text.__register_exitproc
                0x080031d4       0xc4 c:/ac6/systemworkbench/plugins/fr.ac6.mcu.externaltools.arm-none.win32_1.15.0.201708311556/tools/compiler/bin/../lib/gcc/arm-none-eabi/6.3.1/../../../../arm-none-eabi/lib/thumb/v7-m\libc.a(lib_a-__atexit.o)
                0x080031d4                __register_exitproc
 *(.glue_7)
 .glue_7        0x08003298        0x0 linker stubs
 *(.glue_7t)
 .glue_7t       0x08003298        0x0 linker stubs
 *(.eh_frame)
 .eh_frame      0x08003298        0x0 c:/ac6/systemworkbench/plugins/fr.ac6.mcu.externaltools.arm-none.win32_1.15.0.201708311556/tools/compiler/bin/../lib/gcc/arm-none-eabi/6.3.1/thumb/v7-m/crtbegin.o
 *(.init)
 .init          0x08003298        0x4 c:/ac6/systemworkbench/plugins/fr.ac6.mcu.externaltools.arm-none.win32_1.15.0.201708311556/tools/compiler/bin/../lib/gcc/arm-none-eabi/6.3.1/thumb/v7-m/crti.o
                0x08003298                _init
 .init          0x0800329c        0x8 c:/ac6/systemworkbench/plugins/fr.ac6.mcu.externaltools.arm-none.win32_1.15.0.201708311556/tools/compiler/bin/../lib/gcc/arm-none-eabi/6.3.1/thumb/v7-m/crtn.o
 *(.fini)
 .fini          0x080032a4        0x4 c:/ac6/systemworkbench/plugins/fr.ac6.mcu.externaltools.arm-none.win32_1.15.0.201708311556/tools/compiler/bin/../lib/gcc/arm-none-eabi/6.3.1/thumb/v7-m/crti.o
                0x080032a4                _fini
 .fini          0x080032a8        0x8 c:/ac6/systemworkbench/plugins/fr.ac6.mcu.externaltools.arm-none.win32_1.15.0.201708311556/tools/compiler/bin/../lib/gcc/arm-none-eabi/6.3.1/thumb/v7-m/crtn.o
                0x080032b0                . = ALIGN (0x4)
                0x080032b0                _etext = .

.vfp11_veneer   0x080032b0        0x0
 .vfp11_veneer  0x080032b0        0x0 linker stubs

.v4_bx          0x080032b0        0x0
 .v4_bx         0x080032b0        0x0 linker stubs

.iplt           0x080032b0        0x0
 .iplt          0x080032b0        0x0 c:/ac6/systemworkbench/plugins/fr.ac6.mcu.externaltools.arm-none.win32_1.15.0.201708311556/tools/compiler/bin/../lib/gcc/arm-none-eabi/6.3.1/thumb/v7-m/crtbegin.o

.rodata         0x080032b0       0x7c
                0x080032b0                . = ALIGN (0x4)
 *(.rodata)
 .rodata        0x080032b0       0x12 HAL_Driver/Src/stm32f1xx_hal_rcc.o
 *fill*         0x080032c2        0x2 
 .rodata        0x080032c4       0x4a src/main.o
 *fill*         0x0800330e        0x2 
 .rodata        0x08003310       0x18 src/system_stm32f1xx.o
                0x08003310                AHBPrescTable
                0x08003320                APBPrescTable
 *(.rodata*)
 .rodata._global_impure_ptr
                0x08003328        0x4 c:/ac6/systemworkbench/plugins/fr.ac6.mcu.externaltools.arm-none.win32_1.15.0.201708311556/tools/compiler/bin/../lib/gcc/arm-none-eabi/6.3.1/../../../../arm-none-eabi/lib/thumb/v7-m\libc.a(lib_a-impure.o)
                0x08003328                _global_impure_ptr
                0x0800332c                . = ALIGN (0x4)

.rel.dyn        0x0800332c        0x0
 .rel.iplt      0x0800332c        0x0 c:/ac6/systemworkbench/plugins/fr.ac6.mcu.externaltools.arm-none.win32_1.15.0.201708311556/tools/compiler/bin/../lib/gcc/arm-none-eabi/6.3.1/thumb/v7-m/crtbegin.o

.ARM.extab
 *(.ARM.extab* .gnu.linkonce.armextab.*)

.ARM            0x0800332c        0x0
                0x0800332c                __exidx_start = .
 *(.ARM.exidx*)
                0x0800332c                __exidx_end = .

.preinit_array  0x0800332c        0x0
                0x0800332c                PROVIDE (__preinit_array_start, .)
 *(.preinit_array*)
                0x0800332c                PROVIDE (__preinit_array_end, .)

.init_array     0x0800332c        0x8
                0x0800332c                PROVIDE (__init_array_start, .)
 *(SORT(.init_array.*))
 .init_array.00000
                0x0800332c        0x4 c:/ac6/systemworkbench/plugins/fr.ac6.mcu.externaltools.arm-none.win32_1.15.0.201708311556/tools/compiler/bin/../lib/gcc/arm-none-eabi/6.3.1/../../../../arm-none-eabi/lib/thumb/v7-m\libc.a(lib_a-__call_atexit.o)
 *(.init_array*)
 .init_array    0x08003330        0x4 c:/ac6/systemworkbench/plugins/fr.ac6.mcu.externaltools.arm-none.win32_1.15.0.201708311556/tools/compiler/bin/../lib/gcc/arm-none-eabi/6.3.1/thumb/v7-m/crtbegin.o
                0x08003334                PROVIDE (__init_array_end, .)

.fini_array     0x08003334        0x4
                0x08003334                PROVIDE (__fini_array_start, .)
 *(SORT(.fini_array.*))
 *(.fini_array*)
 .fini_array    0x08003334        0x4 c:/ac6/systemworkbench/plugins/fr.ac6.mcu.externaltools.arm-none.win32_1.15.0.201708311556/tools/compiler/bin/../lib/gcc/arm-none-eabi/6.3.1/thumb/v7-m/crtbegin.o
                0x08003338                PROVIDE (__fini_array_end, .)
                0x08003338                _sidata = LOADADDR (.data)

.data           0x20000000      0x48c load address 0x08003338
                0x20000000                . = ALIGN (0x4)
                0x20000000                _sdata = .
 *(.data)
 .data          0x20000000        0xc Utilities/STM32F1xx_Nucleo/stm32f1xx_nucleo.o
                0x20000000                LED_PORT
                0x20000004                BUTTON_PORT
                0x20000008                SpixTimeout
 .data          0x2000000c       0x49 src/main.o
                0x2000000c                aCommandCode
                0x2000004c                aSlaveInfo
                0x20000054                ubSlaveInfoIndex
 *fill*         0x20000055        0x3 
 .data          0x20000058        0x4 src/system_stm32f1xx.o
                0x20000058                SystemCoreClock
 *(.data*)
 *fill*         0x2000005c        0x4 
 .data.impure_data
                0x20000060      0x428 c:/ac6/systemworkbench/plugins/fr.ac6.mcu.externaltools.arm-none.win32_1.15.0.201708311556/tools/compiler/bin/../lib/gcc/arm-none-eabi/6.3.1/../../../../arm-none-eabi/lib/thumb/v7-m\libc.a(lib_a-impure.o)
 .data.__atexit_recursive_mutex
                0x20000488        0x4 c:/ac6/systemworkbench/plugins/fr.ac6.mcu.externaltools.arm-none.win32_1.15.0.201708311556/tools/compiler/bin/../lib/gcc/arm-none-eabi/6.3.1/../../../../arm-none-eabi/lib/thumb/v7-m\libc.a(lib_a-__call_atexit.o)
                0x20000488                __atexit_recursive_mutex
                0x2000048c                . = ALIGN (0x4)
                0x2000048c                _edata = .

.jcr            0x2000048c        0x0 load address 0x080037c4
 .jcr           0x2000048c        0x0 c:/ac6/systemworkbench/plugins/fr.ac6.mcu.externaltools.arm-none.win32_1.15.0.201708311556/tools/compiler/bin/../lib/gcc/arm-none-eabi/6.3.1/thumb/v7-m/crtbegin.o

.igot.plt       0x2000048c        0x0 load address 0x080037c4
 .igot.plt      0x2000048c        0x0 c:/ac6/systemworkbench/plugins/fr.ac6.mcu.externaltools.arm-none.win32_1.15.0.201708311556/tools/compiler/bin/../lib/gcc/arm-none-eabi/6.3.1/thumb/v7-m/crtbegin.o
                0x2000048c                . = ALIGN (0x4)

.bss            0x2000048c       0xbc load address 0x080037c4
                0x2000048c                _sbss = .
                0x2000048c                __bss_start__ = _sbss
 *(.bss)
 .bss           0x2000048c       0x1c c:/ac6/systemworkbench/plugins/fr.ac6.mcu.externaltools.arm-none.win32_1.15.0.201708311556/tools/compiler/bin/../lib/gcc/arm-none-eabi/6.3.1/thumb/v7-m/crtbegin.o
 .bss           0x200004a8       0x24 src/main.o
                0x200004a8                aSlaveReceiveBuffer
                0x200004b8                pSlaveTransmitBuffer
                0x200004bc                ubSlaveNbDataToTransmit
                0x200004bd                ubSlaveReceiveIndex
                0x200004c0                uwTransferDirection
                0x200004c4                uwTransferInitiated
                0x200004c8                uwTransferEnded
 *(.bss*)
 *(COMMON)
 COMMON         0x200004cc        0x4 HAL_Driver/Src/stm32f1xx_hal.o
                0x200004cc                uwTick
 COMMON         0x200004d0       0x54 src/main.o
                0x200004d0                I2cHandle
 COMMON         0x20000524       0x21 c:/ac6/systemworkbench/plugins/fr.ac6.mcu.externaltools.arm-none.win32_1.15.0.201708311556/tools/compiler/bin/../lib/gcc/arm-none-eabi/6.3.1/../../../../arm-none-eabi/lib/thumb/v7-m\libc.a(lib_a-lock.o)
                0x20000524                __lock___atexit_recursive_mutex
                0x20000528                __lock___arc4random_mutex
                0x2000052c                __lock___env_recursive_mutex
                0x20000530                __lock___sinit_recursive_mutex
                0x20000534                __lock___malloc_recursive_mutex
                0x20000538                __lock___at_quick_exit_mutex
                0x2000053c                __lock___dd_hash_mutex
                0x20000540                __lock___tz_mutex
                0x20000544                __lock___sfp_recursive_mutex
                0x20000548                . = ALIGN (0x4)
 *fill*         0x20000545        0x3 
                0x20000548                _ebss = .
                0x20000548                __bss_end__ = _ebss

._user_heap_stack
                0x20000548      0x600 load address 0x080037c4
                0x20000548                . = ALIGN (0x8)
                0x20000548                PROVIDE (end, .)
                [!provide]                PROVIDE (_end, .)
                0x20000748                . = (. + _Min_Heap_Size)
 *fill*         0x20000548      0x200 
                0x20000b48                . = (. + _Min_Stack_Size)
 *fill*         0x20000748      0x400 
                0x20000b48                . = ALIGN (0x8)

/DISCARD/
 libc.a(*)
 libm.a(*)
 libgcc.a(*)

.ARM.attributes
                0x00000000       0x29
 *(.ARM.attributes)
 .ARM.attributes
                0x00000000       0x1d c:/ac6/systemworkbench/plugins/fr.ac6.mcu.externaltools.arm-none.win32_1.15.0.201708311556/tools/compiler/bin/../lib/gcc/arm-none-eabi/6.3.1/thumb/v7-m/crti.o
 .ARM.attributes
                0x0000001d       0x2d c:/ac6/systemworkbench/plugins/fr.ac6.mcu.externaltools.arm-none.win32_1.15.0.201708311556/tools/compiler/bin/../lib/gcc/arm-none-eabi/6.3.1/thumb/v7-m/crtbegin.o
 .ARM.attributes
                0x0000004a       0x33 HAL_Driver/Src/stm32f1xx_hal.o
 .ARM.attributes
                0x0000007d       0x33 HAL_Driver/Src/stm32f1xx_hal_cortex.o
 .ARM.attributes
                0x000000b0       0x33 HAL_Driver/Src/stm32f1xx_hal_dma.o
 .ARM.attributes
                0x000000e3       0x33 HAL_Driver/Src/stm32f1xx_hal_gpio.o
 .ARM.attributes
                0x00000116       0x33 HAL_Driver/Src/stm32f1xx_hal_i2c.o
 .ARM.attributes
                0x00000149       0x33 HAL_Driver/Src/stm32f1xx_hal_msp_template.o
 .ARM.attributes
                0x0000017c       0x33 HAL_Driver/Src/stm32f1xx_hal_rcc.o
 .ARM.attributes
                0x000001af       0x33 Utilities/STM32F1xx_Nucleo/stm32f1xx_nucleo.o
 .ARM.attributes
                0x000001e2       0x33 src/main.o
 .ARM.attributes
                0x00000215       0x33 src/stm32f1xx_hal_msp.o
 .ARM.attributes
                0x00000248       0x33 src/stm32f1xx_it.o
 .ARM.attributes
                0x0000027b       0x33 src/system_stm32f1xx.o
 .ARM.attributes
                0x000002ae       0x21 startup/startup_stm32f103xb.o
 .ARM.attributes
                0x000002cf       0x2d c:/ac6/systemworkbench/plugins/fr.ac6.mcu.externaltools.arm-none.win32_1.15.0.201708311556/tools/compiler/bin/../lib/gcc/arm-none-eabi/6.3.1/../../../../arm-none-eabi/lib/thumb/v7-m\libc.a(lib_a-impure.o)
 .ARM.attributes
                0x000002fc       0x2d c:/ac6/systemworkbench/plugins/fr.ac6.mcu.externaltools.arm-none.win32_1.15.0.201708311556/tools/compiler/bin/../lib/gcc/arm-none-eabi/6.3.1/../../../../arm-none-eabi/lib/thumb/v7-m\libc.a(lib_a-init.o)
 .ARM.attributes
                0x00000329       0x2d c:/ac6/systemworkbench/plugins/fr.ac6.mcu.externaltools.arm-none.win32_1.15.0.201708311556/tools/compiler/bin/../lib/gcc/arm-none-eabi/6.3.1/../../../../arm-none-eabi/lib/thumb/v7-m\libc.a(lib_a-memset.o)
 .ARM.attributes
                0x00000356       0x1b c:/ac6/systemworkbench/plugins/fr.ac6.mcu.externaltools.arm-none.win32_1.15.0.201708311556/tools/compiler/bin/../lib/gcc/arm-none-eabi/6.3.1/../../../../arm-none-eabi/lib/thumb/v7-m\libc.a(lib_a-strcmp.o)
 .ARM.attributes
                0x00000371       0x2d c:/ac6/systemworkbench/plugins/fr.ac6.mcu.externaltools.arm-none.win32_1.15.0.201708311556/tools/compiler/bin/../lib/gcc/arm-none-eabi/6.3.1/../../../../arm-none-eabi/lib/thumb/v7-m\libc.a(lib_a-strlen-stub.o)
 .ARM.attributes
                0x0000039e       0x2d c:/ac6/systemworkbench/plugins/fr.ac6.mcu.externaltools.arm-none.win32_1.15.0.201708311556/tools/compiler/bin/../lib/gcc/arm-none-eabi/6.3.1/../../../../arm-none-eabi/lib/thumb/v7-m\libc.a(lib_a-__call_atexit.o)
 .ARM.attributes
                0x000003cb       0x2d c:/ac6/systemworkbench/plugins/fr.ac6.mcu.externaltools.arm-none.win32_1.15.0.201708311556/tools/compiler/bin/../lib/gcc/arm-none-eabi/6.3.1/../../../../arm-none-eabi/lib/thumb/v7-m\libc.a(lib_a-atexit.o)
 .ARM.attributes
                0x000003f8       0x2d c:/ac6/systemworkbench/plugins/fr.ac6.mcu.externaltools.arm-none.win32_1.15.0.201708311556/tools/compiler/bin/../lib/gcc/arm-none-eabi/6.3.1/../../../../arm-none-eabi/lib/thumb/v7-m\libc.a(lib_a-fini.o)
 .ARM.attributes
                0x00000425       0x2d c:/ac6/systemworkbench/plugins/fr.ac6.mcu.externaltools.arm-none.win32_1.15.0.201708311556/tools/compiler/bin/../lib/gcc/arm-none-eabi/6.3.1/../../../../arm-none-eabi/lib/thumb/v7-m\libc.a(lib_a-lock.o)
 .ARM.attributes
                0x00000452       0x2d c:/ac6/systemworkbench/plugins/fr.ac6.mcu.externaltools.arm-none.win32_1.15.0.201708311556/tools/compiler/bin/../lib/gcc/arm-none-eabi/6.3.1/../../../../arm-none-eabi/lib/thumb/v7-m\libc.a(lib_a-__atexit.o)
 .ARM.attributes
                0x0000047f       0x1d c:/ac6/systemworkbench/plugins/fr.ac6.mcu.externaltools.arm-none.win32_1.15.0.201708311556/tools/compiler/bin/../lib/gcc/arm-none-eabi/6.3.1/thumb/v7-m/crtn.o
OUTPUT(I2C.elf elf32-littlearm)

.debug_info     0x00000000     0xdb3d
 .debug_info    0x00000000      0xe49 HAL_Driver/Src/stm32f1xx_hal.o
 .debug_info    0x00000e49     0x1317 HAL_Driver/Src/stm32f1xx_hal_cortex.o
 .debug_info    0x00002160      0xf80 HAL_Driver/Src/stm32f1xx_hal_dma.o
 .debug_info    0x000030e0      0xe7a HAL_Driver/Src/stm32f1xx_hal_gpio.o
 .debug_info    0x00003f5a     0x2989 HAL_Driver/Src/stm32f1xx_hal_i2c.o
 .debug_info    0x000068e3      0x987 HAL_Driver/Src/stm32f1xx_hal_msp_template.o
 .debug_info    0x0000726a      0xfe0 HAL_Driver/Src/stm32f1xx_hal_rcc.o
 .debug_info    0x0000824a     0x1b02 Utilities/STM32F1xx_Nucleo/stm32f1xx_nucleo.o
 .debug_info    0x00009d4c     0x11a3 src/main.o
 .debug_info    0x0000aeef     0x1121 src/stm32f1xx_hal_msp.o
 .debug_info    0x0000c010      0xeae src/stm32f1xx_it.o
 .debug_info    0x0000cebe      0xc18 src/system_stm32f1xx.o
 .debug_info    0x0000dad6       0x67 startup/startup_stm32f103xb.o

.debug_abbrev   0x00000000     0x1f52
 .debug_abbrev  0x00000000      0x2ca HAL_Driver/Src/stm32f1xx_hal.o
 .debug_abbrev  0x000002ca      0x394 HAL_Driver/Src/stm32f1xx_hal_cortex.o
 .debug_abbrev  0x0000065e      0x2a5 HAL_Driver/Src/stm32f1xx_hal_dma.o
 .debug_abbrev  0x00000903      0x287 HAL_Driver/Src/stm32f1xx_hal_gpio.o
 .debug_abbrev  0x00000b8a      0x2e0 HAL_Driver/Src/stm32f1xx_hal_i2c.o
 .debug_abbrev  0x00000e6a      0x1b1 HAL_Driver/Src/stm32f1xx_hal_msp_template.o
 .debug_abbrev  0x0000101b      0x30e HAL_Driver/Src/stm32f1xx_hal_rcc.o
 .debug_abbrev  0x00001329      0x333 Utilities/STM32F1xx_Nucleo/stm32f1xx_nucleo.o
 .debug_abbrev  0x0000165c      0x2a1 src/main.o
 .debug_abbrev  0x000018fd      0x22d src/stm32f1xx_hal_msp.o
 .debug_abbrev  0x00001b2a      0x1f0 src/stm32f1xx_it.o
 .debug_abbrev  0x00001d1a      0x226 src/system_stm32f1xx.o
 .debug_abbrev  0x00001f40       0x12 startup/startup_stm32f103xb.o

.debug_aranges  0x00000000      0x820
 .debug_aranges
                0x00000000       0xb8 HAL_Driver/Src/stm32f1xx_hal.o
 .debug_aranges
                0x000000b8      0x100 HAL_Driver/Src/stm32f1xx_hal_cortex.o
 .debug_aranges
                0x000001b8       0x80 HAL_Driver/Src/stm32f1xx_hal_dma.o
 .debug_aranges
                0x00000238       0x58 HAL_Driver/Src/stm32f1xx_hal_gpio.o
 .debug_aranges
                0x00000290      0x268 HAL_Driver/Src/stm32f1xx_hal_i2c.o
 .debug_aranges
                0x000004f8       0x38 HAL_Driver/Src/stm32f1xx_hal_msp_template.o
 .debug_aranges
                0x00000530       0x90 HAL_Driver/Src/stm32f1xx_hal_rcc.o
 .debug_aranges
                0x000005c0      0x118 Utilities/STM32F1xx_Nucleo/stm32f1xx_nucleo.o
 .debug_aranges
                0x000006d8       0x60 src/main.o
 .debug_aranges
                0x00000738       0x28 src/stm32f1xx_hal_msp.o
 .debug_aranges
                0x00000760       0x70 src/stm32f1xx_it.o
 .debug_aranges
                0x000007d0       0x28 src/system_stm32f1xx.o
 .debug_aranges
                0x000007f8       0x28 startup/startup_stm32f103xb.o

.debug_ranges   0x00000000      0x758
 .debug_ranges  0x00000000       0xa8 HAL_Driver/Src/stm32f1xx_hal.o
 .debug_ranges  0x000000a8       0xf0 HAL_Driver/Src/stm32f1xx_hal_cortex.o
 .debug_ranges  0x00000198       0x70 HAL_Driver/Src/stm32f1xx_hal_dma.o
 .debug_ranges  0x00000208       0x48 HAL_Driver/Src/stm32f1xx_hal_gpio.o
 .debug_ranges  0x00000250      0x258 HAL_Driver/Src/stm32f1xx_hal_i2c.o
 .debug_ranges  0x000004a8       0x28 HAL_Driver/Src/stm32f1xx_hal_msp_template.o
 .debug_ranges  0x000004d0       0x80 HAL_Driver/Src/stm32f1xx_hal_rcc.o
 .debug_ranges  0x00000550      0x108 Utilities/STM32F1xx_Nucleo/stm32f1xx_nucleo.o
 .debug_ranges  0x00000658       0x50 src/main.o
 .debug_ranges  0x000006a8       0x18 src/stm32f1xx_hal_msp.o
 .debug_ranges  0x000006c0       0x60 src/stm32f1xx_it.o
 .debug_ranges  0x00000720       0x18 src/system_stm32f1xx.o
 .debug_ranges  0x00000738       0x20 startup/startup_stm32f103xb.o

.debug_macro    0x00000000    0x18361
 .debug_macro   0x00000000      0x428 HAL_Driver/Src/stm32f1xx_hal.o
 .debug_macro   0x00000428      0x8ce HAL_Driver/Src/stm32f1xx_hal.o
 .debug_macro   0x00000cf6      0x224 HAL_Driver/Src/stm32f1xx_hal.o
 .debug_macro   0x00000f1a       0x28 HAL_Driver/Src/stm32f1xx_hal.o
 .debug_macro   0x00000f42       0x22 HAL_Driver/Src/stm32f1xx_hal.o
 .debug_macro   0x00000f64       0x22 HAL_Driver/Src/stm32f1xx_hal.o
 .debug_macro   0x00000f86       0x87 HAL_Driver/Src/stm32f1xx_hal.o
 .debug_macro   0x0000100d       0x51 HAL_Driver/Src/stm32f1xx_hal.o
 .debug_macro   0x0000105e       0xef HAL_Driver/Src/stm32f1xx_hal.o
 .debug_macro   0x0000114d       0x6a HAL_Driver/Src/stm32f1xx_hal.o
 .debug_macro   0x000011b7      0x1df HAL_Driver/Src/stm32f1xx_hal.o
 .debug_macro   0x00001396       0x34 HAL_Driver/Src/stm32f1xx_hal.o
 .debug_macro   0x000013ca       0x34 HAL_Driver/Src/stm32f1xx_hal.o
 .debug_macro   0x000013fe      0xb8e HAL_Driver/Src/stm32f1xx_hal.o
 .debug_macro   0x00001f8c     0xe90a HAL_Driver/Src/stm32f1xx_hal.o
 .debug_macro   0x00010896       0x43 HAL_Driver/Src/stm32f1xx_hal.o
 .debug_macro   0x000108d9       0x58 HAL_Driver/Src/stm32f1xx_hal.o
 .debug_macro   0x00010931       0x35 HAL_Driver/Src/stm32f1xx_hal.o
 .debug_macro   0x00010966       0x9c HAL_Driver/Src/stm32f1xx_hal.o
 .debug_macro   0x00010a02       0x16 HAL_Driver/Src/stm32f1xx_hal.o
 .debug_macro   0x00010a18       0x97 HAL_Driver/Src/stm32f1xx_hal.o
 .debug_macro   0x00010aaf      0x330 HAL_Driver/Src/stm32f1xx_hal.o
 .debug_macro   0x00010ddf       0xfd HAL_Driver/Src/stm32f1xx_hal.o
 .debug_macro   0x00010edc       0x10 HAL_Driver/Src/stm32f1xx_hal.o
 .debug_macro   0x00010eec       0x58 HAL_Driver/Src/stm32f1xx_hal.o
 .debug_macro   0x00010f44       0x1f HAL_Driver/Src/stm32f1xx_hal.o
 .debug_macro   0x00010f63       0x43 HAL_Driver/Src/stm32f1xx_hal.o
 .debug_macro   0x00010fa6       0x20 HAL_Driver/Src/stm32f1xx_hal.o
 .debug_macro   0x00010fc6      0x187 HAL_Driver/Src/stm32f1xx_hal.o
 .debug_macro   0x0001114d       0x10 HAL_Driver/Src/stm32f1xx_hal.o
 .debug_macro   0x0001115d       0x1c HAL_Driver/Src/stm32f1xx_hal.o
 .debug_macro   0x00011179       0x52 HAL_Driver/Src/stm32f1xx_hal.o
 .debug_macro   0x000111cb       0x40 HAL_Driver/Src/stm32f1xx_hal.o
 .debug_macro   0x0001120b       0x10 HAL_Driver/Src/stm32f1xx_hal.o
 .debug_macro   0x0001121b       0x40 HAL_Driver/Src/stm32f1xx_hal.o
 .debug_macro   0x0001125b       0xd7 HAL_Driver/Src/stm32f1xx_hal.o
 .debug_macro   0x00011332       0x16 HAL_Driver/Src/stm32f1xx_hal.o
 .debug_macro   0x00011348      0x18b HAL_Driver/Src/stm32f1xx_hal.o
 .debug_macro   0x000114d3       0x57 HAL_Driver/Src/stm32f1xx_hal.o
 .debug_macro   0x0001152a      0x5c2 HAL_Driver/Src/stm32f1xx_hal.o
 .debug_macro   0x00011aec      0x28b HAL_Driver/Src/stm32f1xx_hal.o
 .debug_macro   0x00011d77      0x1cb HAL_Driver/Src/stm32f1xx_hal.o
 .debug_macro   0x00011f42      0x11e HAL_Driver/Src/stm32f1xx_hal.o
 .debug_macro   0x00012060      0x197 HAL_Driver/Src/stm32f1xx_hal.o
 .debug_macro   0x000121f7       0x27 HAL_Driver/Src/stm32f1xx_hal.o
 .debug_macro   0x0001221e      0x1bc HAL_Driver/Src/stm32f1xx_hal.o
 .debug_macro   0x000123da       0x34 HAL_Driver/Src/stm32f1xx_hal.o
 .debug_macro   0x0001240e       0x3c HAL_Driver/Src/stm32f1xx_hal.o
 .debug_macro   0x0001244a      0x3a6 HAL_Driver/Src/stm32f1xx_hal.o
 .debug_macro   0x000127f0       0x10 HAL_Driver/Src/stm32f1xx_hal.o
 .debug_macro   0x00012800       0x74 HAL_Driver/Src/stm32f1xx_hal.o
 .debug_macro   0x00012874       0x57 HAL_Driver/Src/stm32f1xx_hal.o
 .debug_macro   0x000128cb      0x46a HAL_Driver/Src/stm32f1xx_hal.o
 .debug_macro   0x00012d35      0x1b5 HAL_Driver/Src/stm32f1xx_hal.o
 .debug_macro   0x00012eea       0x22 HAL_Driver/Src/stm32f1xx_hal.o
 .debug_macro   0x00012f0c       0x8c HAL_Driver/Src/stm32f1xx_hal.o
 .debug_macro   0x00012f98      0x242 HAL_Driver/Src/stm32f1xx_hal.o
 .debug_macro   0x000131da      0x248 HAL_Driver/Src/stm32f1xx_hal.o
 .debug_macro   0x00013422       0x79 HAL_Driver/Src/stm32f1xx_hal.o
 .debug_macro   0x0001349b      0x143 HAL_Driver/Src/stm32f1xx_hal.o
 .debug_macro   0x000135de      0x1ef HAL_Driver/Src/stm32f1xx_hal.o
 .debug_macro   0x000137cd       0xf2 HAL_Driver/Src/stm32f1xx_hal.o
 .debug_macro   0x000138bf      0x1f4 HAL_Driver/Src/stm32f1xx_hal.o
 .debug_macro   0x00013ab3      0x84c HAL_Driver/Src/stm32f1xx_hal.o
 .debug_macro   0x000142ff       0x1f HAL_Driver/Src/stm32f1xx_hal.o
 .debug_macro   0x0001431e      0x26b HAL_Driver/Src/stm32f1xx_hal.o
 .debug_macro   0x00014589      0x217 HAL_Driver/Src/stm32f1xx_hal.o
 .debug_macro   0x000147a0      0x1a7 HAL_Driver/Src/stm32f1xx_hal.o
 .debug_macro   0x00014947      0x2cd HAL_Driver/Src/stm32f1xx_hal.o
 .debug_macro   0x00014c14       0x89 HAL_Driver/Src/stm32f1xx_hal.o
 .debug_macro   0x00014c9d       0x50 HAL_Driver/Src/stm32f1xx_hal.o
 .debug_macro   0x00014ced      0x26c HAL_Driver/Src/stm32f1xx_hal.o
 .debug_macro   0x00014f59       0x7c HAL_Driver/Src/stm32f1xx_hal.o
 .debug_macro   0x00014fd5      0x404 HAL_Driver/Src/stm32f1xx_hal_cortex.o
 .debug_macro   0x000153d9      0x404 HAL_Driver/Src/stm32f1xx_hal_dma.o
 .debug_macro   0x000157dd      0x474 HAL_Driver/Src/stm32f1xx_hal_gpio.o
 .debug_macro   0x00015c51      0x444 HAL_Driver/Src/stm32f1xx_hal_i2c.o
 .debug_macro   0x00016095      0x404 HAL_Driver/Src/stm32f1xx_hal_msp_template.o
 .debug_macro   0x00016499      0x416 HAL_Driver/Src/stm32f1xx_hal_rcc.o
 .debug_macro   0x000168af      0x43d Utilities/STM32F1xx_Nucleo/stm32f1xx_nucleo.o
 .debug_macro   0x00016cec      0x192 Utilities/STM32F1xx_Nucleo/stm32f1xx_nucleo.o
 .debug_macro   0x00016e7e      0x495 src/main.o
 .debug_macro   0x00017313       0x52 src/main.o
 .debug_macro   0x00017365       0x8d src/main.o
 .debug_macro   0x000173f2       0x57 src/main.o
 .debug_macro   0x00017449       0x16 src/main.o
 .debug_macro   0x0001745f       0x35 src/main.o
 .debug_macro   0x00017494       0x16 src/main.o
 .debug_macro   0x000174aa       0x29 src/main.o
 .debug_macro   0x000174d3       0x16 src/main.o
 .debug_macro   0x000174e9      0x198 src/main.o
 .debug_macro   0x00017681       0x5e src/main.o
 .debug_macro   0x000176df      0x437 src/stm32f1xx_hal_msp.o
 .debug_macro   0x00017b16      0x441 src/stm32f1xx_it.o
 .debug_macro   0x00017f57      0x40a src/system_stm32f1xx.o

.debug_line     0x00000000     0x919e
 .debug_line    0x00000000      0xa75 HAL_Driver/Src/stm32f1xx_hal.o
 .debug_line    0x00000a75      0xba3 HAL_Driver/Src/stm32f1xx_hal_cortex.o
 .debug_line    0x00001618      0xd3a HAL_Driver/Src/stm32f1xx_hal_dma.o
 .debug_line    0x00002352      0xaec HAL_Driver/Src/stm32f1xx_hal_gpio.o
 .debug_line    0x00002e3e     0x19a4 HAL_Driver/Src/stm32f1xx_hal_i2c.o
 .debug_line    0x000047e2      0x946 HAL_Driver/Src/stm32f1xx_hal_msp_template.o
 .debug_line    0x00005128      0xb76 HAL_Driver/Src/stm32f1xx_hal_rcc.o
 .debug_line    0x00005c9e      0xc62 Utilities/STM32F1xx_Nucleo/stm32f1xx_nucleo.o
 .debug_line    0x00006900      0xac0 src/main.o
 .debug_line    0x000073c0      0x9c0 src/stm32f1xx_hal_msp.o
 .debug_line    0x00007d80      0xa65 src/stm32f1xx_it.o
 .debug_line    0x000087e5      0x93c src/system_stm32f1xx.o
 .debug_line    0x00009121       0x7d startup/startup_stm32f103xb.o

.debug_str      0x00000000    0x83e15
 .debug_str     0x00000000    0x80a2e HAL_Driver/Src/stm32f1xx_hal.o
                              0x80de2 (size before relaxing)
 .debug_str     0x00080a2e      0x314 HAL_Driver/Src/stm32f1xx_hal_cortex.o
                              0x80e32 (size before relaxing)
 .debug_str     0x00080d42      0x3d4 HAL_Driver/Src/stm32f1xx_hal_dma.o
                              0x80b8a (size before relaxing)
 .debug_str     0x00081116      0x393 HAL_Driver/Src/stm32f1xx_hal_gpio.o
                              0x80b79 (size before relaxing)
 .debug_str     0x000814a9      0xcb4 HAL_Driver/Src/stm32f1xx_hal_i2c.o
                              0x8166f (size before relaxing)
 .debug_str     0x0008215d       0x51 HAL_Driver/Src/stm32f1xx_hal_msp_template.o
                              0x80795 (size before relaxing)
 .debug_str     0x000821ae      0x34b HAL_Driver/Src/stm32f1xx_hal_rcc.o
                              0x80ba7 (size before relaxing)
 .debug_str     0x000824f9     0x12bf Utilities/STM32F1xx_Nucleo/stm32f1xx_nucleo.o
                              0x81ff9 (size before relaxing)
 .debug_str     0x000837b8      0x519 src/main.o
                              0x81d54 (size before relaxing)
 .debug_str     0x00083cd1       0x2b src/stm32f1xx_hal_msp.o
                              0x81c62 (size before relaxing)
 .debug_str     0x00083cfc       0xb8 src/stm32f1xx_it.o
                              0x819aa (size before relaxing)
 .debug_str     0x00083db4       0x61 src/system_stm32f1xx.o
                              0x8082e (size before relaxing)

.comment        0x00000000       0x7f
 .comment       0x00000000       0x7f HAL_Driver/Src/stm32f1xx_hal.o
                                 0x80 (size before relaxing)
 .comment       0x0000007f       0x80 HAL_Driver/Src/stm32f1xx_hal_cortex.o
 .comment       0x0000007f       0x80 HAL_Driver/Src/stm32f1xx_hal_dma.o
 .comment       0x0000007f       0x80 HAL_Driver/Src/stm32f1xx_hal_gpio.o
 .comment       0x0000007f       0x80 HAL_Driver/Src/stm32f1xx_hal_i2c.o
 .comment       0x0000007f       0x80 HAL_Driver/Src/stm32f1xx_hal_msp_template.o
 .comment       0x0000007f       0x80 HAL_Driver/Src/stm32f1xx_hal_rcc.o
 .comment       0x0000007f       0x80 Utilities/STM32F1xx_Nucleo/stm32f1xx_nucleo.o
 .comment       0x0000007f       0x80 src/main.o
 .comment       0x0000007f       0x80 src/stm32f1xx_hal_msp.o
 .comment       0x0000007f       0x80 src/stm32f1xx_it.o
 .comment       0x0000007f       0x80 src/system_stm32f1xx.o

.debug_frame    0x00000000     0x21cc
 .debug_frame   0x00000000      0x298 HAL_Driver/Src/stm32f1xx_hal.o
 .debug_frame   0x00000298      0x428 HAL_Driver/Src/stm32f1xx_hal_cortex.o
 .debug_frame   0x000006c0      0x208 HAL_Driver/Src/stm32f1xx_hal_dma.o
 .debug_frame   0x000008c8      0x14c HAL_Driver/Src/stm32f1xx_hal_gpio.o
 .debug_frame   0x00000a14      0xb30 HAL_Driver/Src/stm32f1xx_hal_i2c.o
 .debug_frame   0x00001544       0x90 HAL_Driver/Src/stm32f1xx_hal_msp_template.o
 .debug_frame   0x000015d4      0x218 HAL_Driver/Src/stm32f1xx_hal_rcc.o
 .debug_frame   0x000017ec      0x45c Utilities/STM32F1xx_Nucleo/stm32f1xx_nucleo.o
 .debug_frame   0x00001c48      0x148 src/main.o
 .debug_frame   0x00001d90       0x58 src/stm32f1xx_hal_msp.o
 .debug_frame   0x00001de8      0x144 src/stm32f1xx_it.o
 .debug_frame   0x00001f2c       0x58 src/system_stm32f1xx.o
 .debug_frame   0x00001f84       0x2c c:/ac6/systemworkbench/plugins/fr.ac6.mcu.externaltools.arm-none.win32_1.15.0.201708311556/tools/compiler/bin/../lib/gcc/arm-none-eabi/6.3.1/../../../../arm-none-eabi/lib/thumb/v7-m\libc.a(lib_a-init.o)
 .debug_frame   0x00001fb0       0x34 c:/ac6/systemworkbench/plugins/fr.ac6.mcu.externaltools.arm-none.win32_1.15.0.201708311556/tools/compiler/bin/../lib/gcc/arm-none-eabi/6.3.1/../../../../arm-none-eabi/lib/thumb/v7-m\libc.a(lib_a-memset.o)
 .debug_frame   0x00001fe4       0x34 c:/ac6/systemworkbench/plugins/fr.ac6.mcu.externaltools.arm-none.win32_1.15.0.201708311556/tools/compiler/bin/../lib/gcc/arm-none-eabi/6.3.1/../../../../arm-none-eabi/lib/thumb/v7-m\libc.a(lib_a-strcmp.o)
 .debug_frame   0x00002018       0x20 c:/ac6/systemworkbench/plugins/fr.ac6.mcu.externaltools.arm-none.win32_1.15.0.201708311556/tools/compiler/bin/../lib/gcc/arm-none-eabi/6.3.1/../../../../arm-none-eabi/lib/thumb/v7-m\libc.a(lib_a-strlen-stub.o)
 .debug_frame   0x00002038       0x5c c:/ac6/systemworkbench/plugins/fr.ac6.mcu.externaltools.arm-none.win32_1.15.0.201708311556/tools/compiler/bin/../lib/gcc/arm-none-eabi/6.3.1/../../../../arm-none-eabi/lib/thumb/v7-m\libc.a(lib_a-__call_atexit.o)
 .debug_frame   0x00002094       0x20 c:/ac6/systemworkbench/plugins/fr.ac6.mcu.externaltools.arm-none.win32_1.15.0.201708311556/tools/compiler/bin/../lib/gcc/arm-none-eabi/6.3.1/../../../../arm-none-eabi/lib/thumb/v7-m\libc.a(lib_a-atexit.o)
 .debug_frame   0x000020b4       0x34 c:/ac6/systemworkbench/plugins/fr.ac6.mcu.externaltools.arm-none.win32_1.15.0.201708311556/tools/compiler/bin/../lib/gcc/arm-none-eabi/6.3.1/../../../../arm-none-eabi/lib/thumb/v7-m\libc.a(lib_a-fini.o)
 .debug_frame   0x000020e8       0xb0 c:/ac6/systemworkbench/plugins/fr.ac6.mcu.externaltools.arm-none.win32_1.15.0.201708311556/tools/compiler/bin/../lib/gcc/arm-none-eabi/6.3.1/../../../../arm-none-eabi/lib/thumb/v7-m\libc.a(lib_a-lock.o)
 .debug_frame   0x00002198       0x34 c:/ac6/systemworkbench/plugins/fr.ac6.mcu.externaltools.arm-none.win32_1.15.0.201708311556/tools/compiler/bin/../lib/gcc/arm-none-eabi/6.3.1/../../../../arm-none-eabi/lib/thumb/v7-m\libc.a(lib_a-__atexit.o)
